../Core/Src/main.c:39:5:_close	16	static
../Core/Src/main.c:40:5:_fstat	16	static
../Core/Src/main.c:41:5:_getpid	4	static
../Core/Src/main.c:42:5:_isatty	16	static
../Core/Src/main.c:43:5:_kill	16	static
../Core/Src/main.c:44:5:_lseek	24	static
../Core/Src/main.c:45:5:_read	24	static
../Core/Src/main.c:46:5:_write	24	static
../Core/Src/main.c:115:5:main	136	static
../Core/Src/main.c:231:6:SystemClock_Config	88	static
../Core/Src/main.c:285:13:MX_CRC_Init	8	static
../Core/Src/main.c:311:13:MX_GPIO_Init	32	static
../Core/Src/main.c:344:6:blink_	24	static
../Core/Src/main.c:352:6:Error_Handler	4	static,ignoring_inline_asm
