Archive member included to satisfy reference by file (symbol)

../Middlewares/ST/AI/Lib\NetworkRuntime1000_CM4_GCC.a(ai_platform.o)
                              ./X-CUBE-AI/App/network.o (ai_buffer_array_item_set_address)
../Middlewares/ST/AI/Lib\NetworkRuntime1000_CM4_GCC.a(ai_platform_interface.o)
                              ./X-CUBE-AI/App/network.o (ai_platform_get_weights_map)
../Middlewares/ST/AI/Lib\NetworkRuntime1000_CM4_GCC.a(core_common.o)
                              ../Middlewares/ST/AI/Lib\NetworkRuntime1000_CM4_GCC.a(ai_platform_interface.o) (core_init)
../Middlewares/ST/AI/Lib\NetworkRuntime1000_CM4_GCC.a(core_mem_manager.o)
                              ../Middlewares/ST/AI/Lib\NetworkRuntime1000_CM4_GCC.a(ai_platform_interface.o) (core_mem_alloc)
../Middlewares/ST/AI/Lib\NetworkRuntime1000_CM4_GCC.a(layers.o)
                              ../Middlewares/ST/AI/Lib\NetworkRuntime1000_CM4_GCC.a(ai_platform_interface.o) (ai_check_custom_types)
../Middlewares/ST/AI/Lib\NetworkRuntime1000_CM4_GCC.a(layers_conv2d_generic_float.o)
                              ./X-CUBE-AI/App/network.o (forward_conv2d_if32of32wf32_nl_pool)
../Middlewares/ST/AI/Lib\NetworkRuntime1000_CM4_GCC.a(layers_generic_float.o)
                              ./X-CUBE-AI/App/network.o (forward_pad)
../Middlewares/ST/AI/Lib\NetworkRuntime1000_CM4_GCC.a(layers_norm_generic_float.o)
                              ./X-CUBE-AI/App/network.o (forward_bn)
../Middlewares/ST/AI/Lib\NetworkRuntime1000_CM4_GCC.a(layers_pad_generic.o)
                              ../Middlewares/ST/AI/Lib\NetworkRuntime1000_CM4_GCC.a(layers_generic_float.o) (forward_pad_8bit_ch1st_3x3_constant)
../Middlewares/ST/AI/Lib\NetworkRuntime1000_CM4_GCC.a(layers_pool_generic_float.o)
                              ./X-CUBE-AI/App/network.o (forward_mp)
../Middlewares/ST/AI/Lib\NetworkRuntime1000_CM4_GCC.a(layers_resize.o)
                              ../Middlewares/ST/AI/Lib\NetworkRuntime1000_CM4_GCC.a(layers_generic_float.o) (forward_resize_nearest_if32of32)
../Middlewares/ST/AI/Lib\NetworkRuntime1000_CM4_GCC.a(layers_conv2d_integer_scratch.o)
                              ../Middlewares/ST/AI/Lib\NetworkRuntime1000_CM4_GCC.a(layers.o) (get_conv2d_scratch_size)
../Middlewares/ST/AI/Lib\NetworkRuntime1000_CM4_GCC.a(forward_lite_argminmax.o)
                              ../Middlewares/ST/AI/Lib\NetworkRuntime1000_CM4_GCC.a(layers_generic_float.o) (forward_lite_argmax_if32)
../Middlewares/ST/AI/Lib\NetworkRuntime1000_CM4_GCC.a(forward_lite_conv2d_if32of32wf32.o)
                              ../Middlewares/ST/AI/Lib\NetworkRuntime1000_CM4_GCC.a(layers_conv2d_generic_float.o) (forward_lite_conv2d_if32of32wf32)
../Middlewares/ST/AI/Lib\NetworkRuntime1000_CM4_GCC.a(lite_argminmax_if32_kernel.o)
                              ../Middlewares/ST/AI/Lib\NetworkRuntime1000_CM4_GCC.a(forward_lite_argminmax.o) (forward_lite_argmax_f32_kernel_ch)
../Middlewares/ST/AI/Lib\NetworkRuntime1000_CM4_GCC.a(lite_argminmax_is8_kernel.o)
                              ../Middlewares/ST/AI/Lib\NetworkRuntime1000_CM4_GCC.a(forward_lite_argminmax.o) (forward_lite_argmax_s8_kernel)
../Middlewares/ST/AI/Lib\NetworkRuntime1000_CM4_GCC.a(forward_lite_pool_f32.o)
                              ./X-CUBE-AI/App/network.o (pool_func_mp_array_f32)
../Middlewares/ST/AI/Lib\NetworkRuntime1000_CM4_GCC.a(forward_lite_resize.o)
                              ../Middlewares/ST/AI/Lib\NetworkRuntime1000_CM4_GCC.a(layers_resize.o) (forward_lite_resize_bilinear_if32of32)
../Middlewares/ST/AI/Lib\NetworkRuntime1000_CM4_GCC.a(forward_lite_upsample.o)
                              ../Middlewares/ST/AI/Lib\NetworkRuntime1000_CM4_GCC.a(layers_generic_float.o) (forward_lite_upsample_bilinear_if32of32)
../Middlewares/ST/AI/Lib\NetworkRuntime1000_CM4_GCC.a(forward_lite_upsample_generic.o)
                              ../Middlewares/ST/AI/Lib\NetworkRuntime1000_CM4_GCC.a(layers_generic_float.o) (forward_lite_upsample_nearest)
../Middlewares/ST/AI/Lib\NetworkRuntime1000_CM4_GCC.a(lite_bn_f32.o)
                              ../Middlewares/ST/AI/Lib\NetworkRuntime1000_CM4_GCC.a(layers_norm_generic_float.o) (forward_lite_bn_if32of32wf32)
../Middlewares/ST/AI/Lib\NetworkRuntime1000_CM4_GCC.a(lite_dense_if32.o)
                              ../Middlewares/ST/AI/Lib\NetworkRuntime1000_CM4_GCC.a(layers_conv2d_generic_float.o) (lite_decompress_ilutof32)
../Middlewares/ST/AI/Lib\NetworkRuntime1000_CM4_GCC.a(lite_generic_float.o)
                              ../Middlewares/ST/AI/Lib\NetworkRuntime1000_CM4_GCC.a(layers_generic_float.o) (forward_lite_gather_nd)
../Middlewares/ST/AI/Lib\NetworkRuntime1000_CM4_GCC.a(lite_nl_generic_float.o)
                              ./X-CUBE-AI/App/network.o (forward_lite_nl_relu_if32of32)
../Middlewares/ST/AI/Lib\NetworkRuntime1000_CM4_GCC.a(lite_norm_if32of32.o)
[...]
Memory Configuration

Name             Origin             Length             Attributes
CCMRAM           0x10000000         0x00010000         xrw
RAM              0x20000000         0x00030000         xrw
FLASH            0x08000000         0x00200000         xr
*default*        0x00000000         0xffffffff

Linker script and memory map

LOAD C:/ST/STM32CubeIDE_1.18.0/STM32CubeIDE/plugins/com.st.stm32cube.ide.mcu.externaltools.gnu-tools-for-stm32.13.3.rel1.win32_1.0.0.202411081344/tools/bin/../lib/gcc/arm-none-eabi/13.3.1/thumb/v7e-m+fp/hard/crti.o
LOAD C:/ST/STM32CubeIDE_1.18.0/STM32CubeIDE/plugins/com.st.stm32cube.ide.mcu.externaltools.gnu-tools-for-stm32.13.3.rel1.win32_1.0.0.202411081344/tools/bin/../lib/gcc/arm-none-eabi/13.3.1/thumb/v7e-m+fp/hard/crtbegin.o
LOAD C:/ST/STM32CubeIDE_1.18.0/STM32CubeIDE/plugins/com.st.stm32cube.ide.mcu.externaltools.gnu-tools-for-stm32.13.3.rel1.win32_1.0.0.202411081344/tools/bin/../lib/gcc/arm-none-eabi/13.3.1/../../../../arm-none-eabi/lib/thumb/v7e-m+fp/hard/crt0.o
LOAD ./Core/Src/image_data.o
LOAD ./Core/Src/main.o
LOAD ./Core/Src/stm32f4xx_hal_msp.o
LOAD ./Core/Src/stm32f4xx_it.o
LOAD ./Core/Src/sysmem.o
LOAD ./Core/Src/system_stm32f4xx.o
LOAD ./Core/Startup/startup_stm32f429zitx.o
LOAD ./Drivers/STM32F4xx_HAL_Driver/Src/stm32f4xx_hal.o
LOAD ./Drivers/STM32F4xx_HAL_Driver/Src/stm32f4xx_hal_cortex.o
LOAD ./Drivers/STM32F4xx_HAL_Driver/Src/stm32f4xx_hal_crc.o
LOAD ./Drivers/STM32F4xx_HAL_Driver/Src/stm32f4xx_hal_dma.o
LOAD ./Drivers/STM32F4xx_HAL_Driver/Src/stm32f4xx_hal_dma_ex.o
LOAD ./Drivers/STM32F4xx_HAL_Driver/Src/stm32f4xx_hal_exti.o
LOAD ./Drivers/STM32F4xx_HAL_Driver/Src/stm32f4xx_hal_flash.o
LOAD ./Drivers/STM32F4xx_HAL_Driver/Src/stm32f4xx_hal_flash_ex.o
LOAD ./Drivers/STM32F4xx_HAL_Driver/Src/stm32f4xx_hal_flash_ramfunc.o
LOAD ./Drivers/STM32F4xx_HAL_Driver/Src/stm32f4xx_hal_gpio.o
LOAD ./Drivers/STM32F4xx_HAL_Driver/Src/stm32f4xx_hal_pwr.o
LOAD ./Drivers/STM32F4xx_HAL_Driver/Src/stm32f4xx_hal_pwr_ex.o
LOAD ./Drivers/STM32F4xx_HAL_Driver/Src/stm32f4xx_hal_rcc.o
LOAD ./Drivers/STM32F4xx_HAL_Driver/Src/stm32f4xx_hal_rcc_ex.o
LOAD ./X-CUBE-AI/App/network.o
LOAD ./X-CUBE-AI/App/network_data.o
LOAD ./X-CUBE-AI/App/network_data_params.o
LOAD ../Middlewares/ST/AI/Lib\NetworkRuntime1000_CM4_GCC.a
START GROUP
LOAD C:/ST/STM32CubeIDE_1.18.0/STM32CubeIDE/plugins/com.st.stm32cube.ide.mcu.externaltools.gnu-tools-for-stm32.13.3.rel1.win32_1.0.0.202411081344/tools/bin/../lib/gcc/arm-none-eabi/13.3.1/../../../../arm-none-eabi/lib/thumb/v7e-m+fp/hard\libc_nano.a
LOAD C:/ST/STM32CubeIDE_1.18.0/STM32CubeIDE/plugins/com.st.stm32cube.ide.mcu.externaltools.gnu-tools-for-stm32.13.3.rel1.win32_1.0.0.202411081344/tools/bin/../lib/gcc/arm-none-eabi/13.3.1/../../../../arm-none-eabi/lib/thumb/v7e-m+fp/hard\libm.a
END GROUP
START GROUP
LOAD C:/ST/STM32CubeIDE_1.18.0/STM32CubeIDE/plugins/com.st.stm32cube.ide.mcu.externaltools.gnu-tools-for-stm32.13.3.rel1.win32_1.0.0.202411081344/tools/bin/../lib/gcc/arm-none-eabi/13.3.1/thumb/v7e-m+fp/hard\libgcc.a
LOAD C:/ST/STM32CubeIDE_1.18.0/STM32CubeIDE/plugins/com.st.stm32cube.ide.mcu.externaltools.gnu-tools-for-stm32.13.3.rel1.win32_1.0.0.202411081344/tools/bin/../lib/gcc/arm-none-eabi/13.3.1/../../../../arm-none-eabi/lib/thumb/v7e-m+fp/hard\libc_nano.a
END GROUP
START GROUP
LOAD C:/ST/STM32CubeIDE_1.18.0/STM32CubeIDE/plugins/com.st.stm32cube.ide.mcu.externaltools.gnu-tools-for-stm32.13.3.rel1.win32_1.0.0.202411081344/tools/bin/../lib/gcc/arm-none-eabi/13.3.1/thumb/v7e-m+fp/hard\libgcc.a
LOAD C:/ST/STM32CubeIDE_1.18.0/STM32CubeIDE/plugins/com.st.stm32cube.ide.mcu.externaltools.gnu-tools-for-stm32.13.3.rel1.win32_1.0.0.202411081344/tools/bin/../lib/gcc/arm-none-eabi/13.3.1/../../../../arm-none-eabi/lib/thumb/v7e-m+fp/hard\libc_nano.a
LOAD C:/ST/STM32CubeIDE_1.18.0/STM32CubeIDE/plugins/com.st.stm32cube.ide.mcu.externaltools.gnu-tools-for-stm32.13.3.rel1.win32_1.0.0.202411081344/tools/bin/../lib/gcc/arm-none-eabi/13.3.1/../../../../arm-none-eabi/lib/thumb/v7e-m+fp/hard\libnosys.a
END GROUP
START GROUP
LOAD C:/ST/STM32CubeIDE_1.18.0/STM32CubeIDE/plugins/com.st.stm32cube.ide.mcu.externaltools.gnu-tools-for-stm32.13.3.rel1.win32_1.0.0.202411081344/tools/bin/../lib/gcc/arm-none-eabi/13.3.1/thumb/v7e-m+fp/hard\libgcc.a
LOAD C:/ST/STM32CubeIDE_1.18.0/STM32CubeIDE/plugins/com.st.stm32cube.ide.mcu.externaltools.gnu-tools-for-stm32.13.3.rel1.win32_1.0.0.202411081344/tools/bin/../lib/gcc/arm-none-eabi/13.3.1/../../../../arm-none-eabi/lib/thumb/v7e-m+fp/hard\libc_nano.a
LOAD C:/ST/STM32CubeIDE_1.18.0/STM32CubeIDE/plugins/com.st.stm32cube.ide.mcu.externaltools.gnu-tools-for-stm32.13.3.rel1.win32_1.0.0.202411081344/tools/bin/../lib/gcc/arm-none-eabi/13.3.1/../../../../arm-none-eabi/lib/thumb/v7e-m+fp/hard\libnosys.a
END GROUP
LOAD C:/ST/STM32CubeIDE_1.18.0/STM32CubeIDE/plugins/com.st.stm32cube.ide.mcu.externaltools.gnu-tools-for-stm32.13.3.rel1.win32_1.0.0.202411081344/tools/bin/../lib/gcc/arm-none-eabi/13.3.1/thumb/v7e-m+fp/hard/crtend.o
LOAD C:/ST/STM32CubeIDE_1.18.0/STM32CubeIDE/plugins/com.st.stm32cube.ide.mcu.externaltools.gnu-tools-for-stm32.13.3.rel1.win32_1.0.0.202411081344/tools/bin/../lib/gcc/arm-none-eabi/13.3.1/thumb/v7e-m+fp/hard/crtn.o
                0x20030000                        _estack = (ORIGIN (RAM) + LENGTH (RAM))
                0x00000800                        _Min_Heap_Size = 0x800
                0x00000800                        _Min_Stack_Size = 0x800

.isr_vector     0x08000000      0x1ac
                0x08000000                        . = ALIGN (0x4)
 *(.isr_vector)
 .isr_vector    0x08000000      0x1ac ./Core/Startup/startup_stm32f429zitx.o
                0x08000000                g_pfnVectors
                0x080001ac                        . = ALIGN (0x4)

.text           0x080001ac     0x54ac
                0x080001ac                        . = ALIGN (0x4)
 *(.text)
 .text          0x080001ac       0x40 C:/ST/STM32CubeIDE_1.18.0/STM32CubeIDE/plugins/com.st.stm32cube.ide.mcu.externaltools.gnu-tools-for-stm32.13.3.rel1.win32_1.0.0.202411081344/tools/bin/../lib/gcc/arm-none-eabi/13.3.1/thumb/v7e-m+fp/hard/crtbegin.o
 .text          0x080001ec       0x30 C:/ST/STM32CubeIDE_1.18.0/STM32CubeIDE/plugins/com.st.stm32cube.ide.mcu.externaltools.gnu-tools-for-stm32.13.3.rel1.win32_1.0.0.202411081344/tools/bin/../lib/gcc/arm-none-eabi/13.3.1/thumb/v7e-m+fp/hard\libgcc.a(_aeabi_uldivmod.o)
                0x080001ec                __aeabi_uldivmod
 .text          0x0800021c      0x2f8 C:/ST/STM32CubeIDE_1.18.0/STM32CubeIDE/plugins/com.st.stm32cube.ide.mcu.externaltools.gnu-tools-for-stm32.13.3.rel1.win32_1.0.0.202411081344/tools/bin/../lib/gcc/arm-none-eabi/13.3.1/thumb/v7e-m+fp/hard\libgcc.a(_udivmoddi4.o)
                0x0800021c                __udivmoddi4
 .text          0x08000514        0x4 C:/ST/STM32CubeIDE_1.18.0/STM32CubeIDE/plugins/com.st.stm32cube.ide.mcu.externaltools.gnu-tools-for-stm32.13.3.rel1.win32_1.0.0.202411081344/tools/bin/../lib/gcc/arm-none-eabi/13.3.1/thumb/v7e-m+fp/hard\libgcc.a(_dvmd_tls.o)
                0x08000514                __aeabi_idiv0
                0x08000514                __aeabi_ldiv0
 *(.text*)
 .text.main     0x08000518      0x244 ./Core/Src/main.o
                0x08000518                main
 .text.SystemClock_Config
                0x0800075c       0xe0 ./Core/Src/main.o
                0x0800075c                SystemClock_Config
 .text.MX_CRC_Init
                0x0800083c       0x28 ./Core/Src/main.o
 .text.MX_GPIO_Init
                0x08000864       0x68 ./Core/Src/main.o
 .text.Error_Handler
                0x080008cc        0xc ./Core/Src/main.o
                0x080008cc                Error_Handler
 .text.HAL_MspInit
                0x080008d8       0x50 ./Core/Src/stm32f4xx_hal_msp.o
                0x080008d8                HAL_MspInit
 .text.HAL_CRC_MspInit
                0x08000928       0x44 ./Core/Src/stm32f4xx_hal_msp.o
                0x08000928                HAL_CRC_MspInit
 .text.NMI_Handler
                0x0800096c        0x8 ./Core/Src/stm32f4xx_it.o
                0x0800096c                NMI_Handler
 .text.HardFault_Handler
                0x08000974        0x8 ./Core/Src/stm32f4xx_it.o
                0x08000974                HardFault_Handler
 .text.MemManage_Handler
                0x0800097c        0x8 ./Core/Src/stm32f4xx_it.o
                0x0800097c                MemManage_Handler
 .text.BusFault_Handler
                0x08000984        0x8 ./Core/Src/stm32f4xx_it.o
                0x08000984                BusFault_Handler
 .text.UsageFault_Handler
                0x0800098c        0x8 ./Core/Src/stm32f4xx_it.o
                0x0800098c                UsageFault_Handler
 .text.SVC_Handler
                0x08000994        0xe ./Core/Src/stm32f4xx_it.o
                0x08000994                SVC_Handler
 .text.DebugMon_Handler
                0x080009a2        0xe ./Core/Src/stm32f4xx_it.o
                0x080009a2                DebugMon_Handler
 .text.PendSV_Handler
                0x080009b0        0xe ./Core/Src/stm32f4xx_it.o
                0x080009b0                PendSV_Handler
 .text.SysTick_Handler
                0x080009be        0xc ./Core/Src/stm32f4xx_it.o
                0x080009be                SysTick_Handler
 *fill*         0x080009ca        0x2 
 .text.SystemInit
                0x080009cc       0x24 ./Core/Src/system_stm32f4xx.o
                0x080009cc                SystemInit
 .text.Reset_Handler
                0x080009f0       0x50 ./Core/Startup/startup_stm32f429zitx.o
                0x080009f0                Reset_Handler
 .text.Default_Handler
                0x08000a40        0x2 ./Core/Startup/startup_stm32f429zitx.o
                0x08000a40                RTC_Alarm_IRQHandler
                0x08000a40                HASH_RNG_IRQHandler
                0x08000a40                EXTI2_IRQHandler
                0x08000a40                TIM8_CC_IRQHandler
                0x08000a40                UART8_IRQHandler
                0x08000a40                SPI4_IRQHandler
                0x08000a40                TIM1_CC_IRQHandler
                0x08000a40                DMA2_Stream5_IRQHandler
                0x08000a40                DMA1_Stream5_IRQHandler
                0x08000a40                PVD_IRQHandler
                0x08000a40                SDIO_IRQHandler
                0x08000a40                TAMP_STAMP_IRQHandler
                0x08000a40                CAN2_RX1_IRQHandler
                0x08000a40                EXTI3_IRQHandler
                0x08000a40                TIM8_TRG_COM_TIM14_IRQHandler
                0x08000a40                TIM1_UP_TIM10_IRQHandler
                0x08000a40                TIM8_UP_TIM13_IRQHandler
                0x08000a40                I2C3_ER_IRQHandler
                0x08000a40                EXTI0_IRQHandler
                0x08000a40                I2C2_EV_IRQHandler
                0x08000a40                DMA1_Stream2_IRQHandler
                0x08000a40                CAN1_RX0_IRQHandler
                0x08000a40                FPU_IRQHandler
                0x08000a40                OTG_HS_WKUP_IRQHandler
                0x08000a40                LTDC_ER_IRQHandler
                0x08000a40                CAN2_SCE_IRQHandler
                0x08000a40                DMA2_Stream2_IRQHandler
                0x08000a40                SPI1_IRQHandler
                0x08000a40                TIM6_DAC_IRQHandler
                0x08000a40                TIM1_BRK_TIM9_IRQHandler
                0x08000a40                DCMI_IRQHandler
                0x08000a40                CAN2_RX0_IRQHandler
                0x08000a40                DMA2_Stream3_IRQHandler
                0x08000a40                USART6_IRQHandler
                0x08000a40                USART3_IRQHandler
                0x08000a40                CAN1_RX1_IRQHandler
                0x08000a40                UART5_IRQHandler
                0x08000a40                DMA2_Stream0_IRQHandler
                0x08000a40                TIM4_IRQHandler
                0x08000a40                I2C1_EV_IRQHandler
                0x08000a40                DMA1_Stream6_IRQHandler
                0x08000a40                DMA1_Stream1_IRQHandler
                0x08000a40                UART4_IRQHandler
                0x08000a40                TIM3_IRQHandler
                0x08000a40                RCC_IRQHandler
                0x08000a40                TIM8_BRK_TIM12_IRQHandler
                0x08000a40                Default_Handler
                0x08000a40                EXTI15_10_IRQHandler
                0x08000a40                ADC_IRQHandler
                0x08000a40                DMA1_Stream7_IRQHandler
                0x08000a40                SPI5_IRQHandler
                0x08000a40                TIM7_IRQHandler
                0x08000a40                CAN2_TX_IRQHandler
                0x08000a40                TIM5_IRQHandler
                0x08000a40                DMA2_Stream7_IRQHandler
                0x08000a40                I2C3_EV_IRQHandler
                0x08000a40                EXTI9_5_IRQHandler
                0x08000a40                RTC_WKUP_IRQHandler
                0x08000a40                LTDC_IRQHandler
                0x08000a40                ETH_WKUP_IRQHandler
                0x08000a40                SPI2_IRQHandler
                0x08000a40                OTG_HS_EP1_IN_IRQHandler
                0x08000a40                DMA1_Stream0_IRQHandler
                0x08000a40                CAN1_TX_IRQHandler
                0x08000a40                EXTI4_IRQHandler
                0x08000a40                ETH_IRQHandler
                0x08000a40                OTG_HS_EP1_OUT_IRQHandler
                0x08000a40                WWDG_IRQHandler
                0x08000a40                SPI6_IRQHandler
                0x08000a40                TIM2_IRQHandler
                0x08000a40                OTG_FS_WKUP_IRQHandler
                0x08000a40                TIM1_TRG_COM_TIM11_IRQHandler
                0x08000a40                OTG_HS_IRQHandler
                0x08000a40                DMA2D_IRQHandler
                0x08000a40                EXTI1_IRQHandler
                0x08000a40                UART7_IRQHandler
                0x08000a40                USART2_IRQHandler
                0x08000a40                I2C2_ER_IRQHandler
                0x08000a40                DMA2_Stream1_IRQHandler
                0x08000a40                CAN1_SCE_IRQHandler
                0x08000a40                FLASH_IRQHandler
                0x08000a40                DMA2_Stream4_IRQHandler
                0x08000a40                USART1_IRQHandler
                0x08000a40                OTG_FS_IRQHandler
                0x08000a40                SPI3_IRQHandler
                0x08000a40                DMA1_Stream4_IRQHandler
                0x08000a40                I2C1_ER_IRQHandler
                0x08000a40                FMC_IRQHandler
                0x08000a40                DMA2_Stream6_IRQHandler
                0x08000a40                SAI1_IRQHandler
                0x08000a40                DMA1_Stream3_IRQHandler
 *fill*         0x08000a42        0x2 
 .text.HAL_Init
                0x08000a44       0x44 ./Drivers/STM32F4xx_HAL_Driver/Src/stm32f4xx_hal.o
                0x08000a44                HAL_Init
 .text.HAL_InitTick
                0x08000a88       0x60 ./Drivers/STM32F4xx_HAL_Driver/Src/stm32f4xx_hal.o
                0x08000a88                HAL_InitTick
 .text.HAL_IncTick
                0x08000ae8       0x28 ./Drivers/STM32F4xx_HAL_Driver/Src/stm32f4xx_hal.o
                0x08000ae8                HAL_IncTick
 .text.HAL_GetTick
                0x08000b10       0x18 ./Drivers/STM32F4xx_HAL_Driver/Src/stm32f4xx_hal.o
                0x08000b10                HAL_GetTick
 .text.HAL_Delay
                0x08000b28       0x48 ./Drivers/STM32F4xx_HAL_Driver/Src/stm32f4xx_hal.o
                0x08000b28                HAL_Delay
 .text.__NVIC_SetPriorityGrouping
                0x08000b70       0x48 ./Drivers/STM32F4xx_HAL_Driver/Src/stm32f4xx_hal_cortex.o
 .text.__NVIC_GetPriorityGrouping
                0x08000bb8       0x1c ./Drivers/STM32F4xx_HAL_Driver/Src/stm32f4xx_hal_cortex.o
 .text.__NVIC_SetPriority
                0x08000bd4       0x54 ./Drivers/STM32F4xx_HAL_Driver/Src/stm32f4xx_hal_cortex.o
 .text.NVIC_EncodePriority
                0x08000c28       0x66 ./Drivers/STM32F4xx_HAL_Driver/Src/stm32f4xx_hal_cortex.o
 *fill*         0x08000c8e        0x2 
 .text.SysTick_Config
                0x08000c90       0x44 ./Drivers/STM32F4xx_HAL_Driver/Src/stm32f4xx_hal_cortex.o
 .text.HAL_NVIC_SetPriorityGrouping
                0x08000cd4       0x16 ./Drivers/STM32F4xx_HAL_Driver/Src/stm32f4xx_hal_cortex.o
                0x08000cd4                HAL_NVIC_SetPriorityGrouping
 .text.HAL_NVIC_SetPriority
                0x08000cea       0x38 ./Drivers/STM32F4xx_HAL_Driver/Src/stm32f4xx_hal_cortex.o
                0x08000cea                HAL_NVIC_SetPriority
 .text.HAL_SYSTICK_Config
                0x08000d22       0x18 ./Drivers/STM32F4xx_HAL_Driver/Src/stm32f4xx_hal_cortex.o
                0x08000d22                HAL_SYSTICK_Config
 .text.HAL_CRC_Init
                0x08000d3a       0x38 ./Drivers/STM32F4xx_HAL_Driver/Src/stm32f4xx_hal_crc.o
                0x08000d3a                HAL_CRC_Init
 *fill*         0x08000d72        0x2 
 .text.HAL_GPIO_Init
                0x08000d74      0x358 ./Drivers/STM32F4xx_HAL_Driver/Src/stm32f4xx_hal_gpio.o
                0x08000d74                HAL_GPIO_Init
 .text.HAL_GPIO_WritePin
                0x080010cc       0x32 ./Drivers/STM32F4xx_HAL_Driver/Src/stm32f4xx_hal_gpio.o
                0x080010cc                HAL_GPIO_WritePin
 *fill*         0x080010fe        0x2 
 .text.HAL_PWREx_EnableOverDrive
                0x08001100       0xa0 ./Drivers/STM32F4xx_HAL_Driver/Src/stm32f4xx_hal_pwr_ex.o
                0x08001100                HAL_PWREx_EnableOverDrive
 .text.HAL_RCC_OscConfig
                0x080011a0      0x4f0 ./Drivers/STM32F4xx_HAL_Driver/Src/stm32f4xx_hal_rcc.o
                0x080011a0                HAL_RCC_OscConfig
 .text.HAL_RCC_ClockConfig
                0x08001690      0x1cc ./Drivers/STM32F4xx_HAL_Driver/Src/stm32f4xx_hal_rcc.o
                0x08001690                HAL_RCC_ClockConfig
 .text.HAL_RCC_GetSysClockFreq
                0x0800185c      0x18c ./Drivers/STM32F4xx_HAL_Driver/Src/stm32f4xx_hal_rcc.o
                0x0800185c                HAL_RCC_GetSysClockFreq
 .text.network_configure_activations
                0x080019e8      0x2ac ./X-CUBE-AI/App/network.o
 .text.network_configure_weights
                0x08001c94      0x1cc ./X-CUBE-AI/App/network.o
 .text.ai_network_create
                0x08001e60       0x2c ./X-CUBE-AI/App/network.o
                0x08001e60                ai_network_create
 .text.ai_network_inputs_get
                0x08001e8c       0x34 ./X-CUBE-AI/App/network.o
                0x08001e8c                ai_network_inputs_get
 .text.ai_network_outputs_get
                0x08001ec0       0x34 ./X-CUBE-AI/App/network.o
                0x08001ec0                ai_network_outputs_get
 .text.ai_network_init
                0x08001ef4       0x78 ./X-CUBE-AI/App/network.o
                0x08001ef4                ai_network_init
 .text.ai_network_run
                0x08001f6c       0x20 ./X-CUBE-AI/App/network.o
                0x08001f6c                ai_network_run
 .text.ai_network_data_activations_buffer_get
                0x08001f8c       0x6c ./X-CUBE-AI/App/network_data.o
                0x08001f8c                ai_network_data_activations_buffer_get
 .text.ai_network_data_weights_buffer_get
                0x08001ff8       0x68 ./X-CUBE-AI/App/network_data.o
                0x08001ff8                ai_network_data_weights_buffer_get
 .text.ai_network_data_weights_get
                0x08002060       0x14 ./X-CUBE-AI/App/network_data.o
                0x08002060                ai_network_data_weights_get
 .text.ai_buffer_get_size
                0x08002074       0x68 ../Middlewares/ST/AI/Lib\NetworkRuntime1000_CM4_GCC.a(ai_platform.o)
                0x08002074                ai_buffer_get_size
 .text.ai_buffer_array_sane
                0x080020dc       0x14 ../Middlewares/ST/AI/Lib\NetworkRuntime1000_CM4_GCC.a(ai_platform.o)
                0x080020dc                ai_buffer_array_sane
 .text.ai_platform_get_weights_map
                0x080020f0       0xa8 ../Middlewares/ST/AI/Lib\NetworkRuntime1000_CM4_GCC.a(ai_platform_interface.o)
                0x080020f0                ai_platform_get_weights_map
 .text.ai_platform_get_activations_map
                0x08002198       0xa8 ../Middlewares/ST/AI/Lib\NetworkRuntime1000_CM4_GCC.a(ai_platform_interface.o)
                0x08002198                ai_platform_get_activations_map
 .text.ai_platform_network_set_error
                0x08002240        0xc ../Middlewares/ST/AI/Lib\NetworkRuntime1000_CM4_GCC.a(ai_platform_interface.o)
                0x08002240                ai_platform_network_set_error
 .text.ai_platform_inputs_get
                0x0800224c       0xec ../Middlewares/ST/AI/Lib\NetworkRuntime1000_CM4_GCC.a(ai_platform_interface.o)
                0x0800224c                ai_platform_inputs_get
 .text.ai_platform_outputs_get
                0x08002338       0xe8 ../Middlewares/ST/AI/Lib\NetworkRuntime1000_CM4_GCC.a(ai_platform_interface.o)
                0x08002338                ai_platform_outputs_get
 .text.ai_platform_network_create
                0x08002420       0x84 ../Middlewares/ST/AI/Lib\NetworkRuntime1000_CM4_GCC.a(ai_platform_interface.o)
                0x08002420                ai_platform_network_create
 .text.ai_platform_network_init
                0x080024a4      0x19c ../Middlewares/ST/AI/Lib\NetworkRuntime1000_CM4_GCC.a(ai_platform_interface.o)
                0x080024a4                ai_platform_network_init
 .text.ai_platform_network_post_init
                0x08002640       0x60 ../Middlewares/ST/AI/Lib\NetworkRuntime1000_CM4_GCC.a(ai_platform_interface.o)
                0x08002640                ai_platform_network_post_init
 .text.ai_platform_network_process
                0x080026a0      0x480 ../Middlewares/ST/AI/Lib\NetworkRuntime1000_CM4_GCC.a(ai_platform_interface.o)
                0x080026a0                ai_platform_network_process
 .text.core_init
                0x08002b20        0x4 ../Middlewares/ST/AI/Lib\NetworkRuntime1000_CM4_GCC.a(core_common.o)
                0x08002b20                core_init
 .text.core_set_error
                0x08002b24       0x18 ../Middlewares/ST/AI/Lib\NetworkRuntime1000_CM4_GCC.a(core_common.o)
                0x08002b24                core_set_error
 .text.ai_check_custom_types
                0x08002b3c       0x54 ../Middlewares/ST/AI/Lib\NetworkRuntime1000_CM4_GCC.a(layers.o)
                0x08002b3c                ai_check_custom_types
 .text.ai_layers_init_all
                0x08002b90       0x1c ../Middlewares/ST/AI/Lib\NetworkRuntime1000_CM4_GCC.a(layers.o)
                0x08002b90                ai_layers_init_all
 .text.ai_layers_post_init_all
                0x08002bac       0x28 ../Middlewares/ST/AI/Lib\NetworkRuntime1000_CM4_GCC.a(layers.o)
                0x08002bac                ai_layers_post_init_all
 .text.ai_layers_forward_all
                0x08002bd4       0x94 ../Middlewares/ST/AI/Lib\NetworkRuntime1000_CM4_GCC.a(layers.o)
                0x08002bd4                ai_layers_forward_all
 .text.forward_conv2d_if32of32wf32_nl_pool
                0x08002c68      0x2e0 ../Middlewares/ST/AI/Lib\NetworkRuntime1000_CM4_GCC.a(layers_conv2d_generic_float.o)
                0x08002c68                forward_conv2d_if32of32wf32_nl_pool
 .text.forward_dense
                0x08002f48       0xfc ../Middlewares/ST/AI/Lib\NetworkRuntime1000_CM4_GCC.a(layers_conv2d_generic_float.o)
                0x08002f48                forward_dense
 .text.forward_pad
                0x08003044       0x20 ../Middlewares/ST/AI/Lib\NetworkRuntime1000_CM4_GCC.a(layers_generic_float.o)
                0x08003044                forward_pad
 .text.forward_transpose
                0x08003064      0x15c ../Middlewares/ST/AI/Lib\NetworkRuntime1000_CM4_GCC.a(layers_generic_float.o)
                0x08003064                forward_transpose
 .text.forward_reduce
                0x080031c0      0x134 ../Middlewares/ST/AI/Lib\NetworkRuntime1000_CM4_GCC.a(layers_generic_float.o)
                0x080031c0                forward_reduce
 .text.forward_bn
                0x080032f4       0x8c ../Middlewares/ST/AI/Lib\NetworkRuntime1000_CM4_GCC.a(layers_norm_generic_float.o)
                0x080032f4                forward_bn
 .text.forward_pad_8bit_ch1st_3x3_constant
                0x08003380       0x90 ../Middlewares/ST/AI/Lib\NetworkRuntime1000_CM4_GCC.a(layers_pad_generic.o)
                0x08003380                forward_pad_8bit_ch1st_3x3_constant
 .text.forward_pad_constant
                0x08003410       0x90 ../Middlewares/ST/AI/Lib\NetworkRuntime1000_CM4_GCC.a(layers_pad_generic.o)
                0x08003410                forward_pad_constant
 .text.forward_pad_edge
                0x080034a0       0x84 ../Middlewares/ST/AI/Lib\NetworkRuntime1000_CM4_GCC.a(layers_pad_generic.o)
                0x080034a0                forward_pad_edge
 .text.forward_pad_reflect
                0x08003524       0xa4 ../Middlewares/ST/AI/Lib\NetworkRuntime1000_CM4_GCC.a(layers_pad_generic.o)
                0x08003524                forward_pad_reflect
 .text.forward_mp
                0x080035c8      0x1a4 ../Middlewares/ST/AI/Lib\NetworkRuntime1000_CM4_GCC.a(layers_pool_generic_float.o)
                0x080035c8                forward_mp
 .text.forward_lite_conv2d_if32of32wf32_pool
                0x0800376c      0x80c ../Middlewares/ST/AI/Lib\NetworkRuntime1000_CM4_GCC.a(forward_lite_conv2d_if32of32wf32.o)
                0x0800376c                forward_lite_conv2d_if32of32wf32_pool
 .text.pool_func_mp_array_f32
                0x08003f78      0x450 ../Middlewares/ST/AI/Lib\NetworkRuntime1000_CM4_GCC.a(forward_lite_pool_f32.o)
                0x08003f78                pool_func_mp_array_f32
 .text.forward_lite_bn_if32of32wf32
                0x080043c8       0x1c ../Middlewares/ST/AI/Lib\NetworkRuntime1000_CM4_GCC.a(lite_bn_f32.o)
                0x080043c8                forward_lite_bn_if32of32wf32
 .text.forward_lite_dense_if32of32wf32
                0x080043e4      0x2b4 ../Middlewares/ST/AI/Lib\NetworkRuntime1000_CM4_GCC.a(lite_dense_if32.o)
                0x080043e4                forward_lite_dense_if32of32wf32
 .text.forward_lite_dense_if32of32wf32_lut4
                0x08004698      0x250 ../Middlewares/ST/AI/Lib\NetworkRuntime1000_CM4_GCC.a(lite_dense_if32.o)
                0x08004698                forward_lite_dense_if32of32wf32_lut4
 .text.forward_lite_dense_if32of32wf32_lut8
                0x080048e8      0x25c ../Middlewares/ST/AI/Lib\NetworkRuntime1000_CM4_GCC.a(lite_dense_if32.o)
                0x080048e8                forward_lite_dense_if32of32wf32_lut8
 .text.forward_lite_nl_relu_if32of32
                0x08004b44       0x44 ../Middlewares/ST/AI/Lib\NetworkRuntime1000_CM4_GCC.a(lite_nl_generic_float.o)
                0x08004b44                forward_lite_nl_relu_if32of32
 .text.forward_lite_pad_8bit_ch1st_3x3_constant_P0022
                0x08004b88       0x68 ../Middlewares/ST/AI/Lib\NetworkRuntime1000_CM4_GCC.a(forward_lite_pad_generic.o)
                0x08004b88                forward_lite_pad_8bit_ch1st_3x3_constant_P0022
 .text.forward_lite_pad_8bit_ch1st_3x3_constant_P1111
                0x08004bf0      0x170 ../Middlewares/ST/AI/Lib\NetworkRuntime1000_CM4_GCC.a(forward_lite_pad_generic.o)
                0x08004bf0                forward_lite_pad_8bit_ch1st_3x3_constant_P1111
 .text.forward_lite_pad_constant
                0x08004d60      0x13c ../Middlewares/ST/AI/Lib\NetworkRuntime1000_CM4_GCC.a(forward_lite_pad_generic.o)
                0x08004d60                forward_lite_pad_constant
 .text.forward_lite_pad_edge
                0x08004e9c       0xe8 ../Middlewares/ST/AI/Lib\NetworkRuntime1000_CM4_GCC.a(forward_lite_pad_generic.o)
                0x08004e9c                forward_lite_pad_edge
 .text.forward_lite_pad_reflect
                0x08004f84      0x14c ../Middlewares/ST/AI/Lib\NetworkRuntime1000_CM4_GCC.a(forward_lite_pad_generic.o)
                0x08004f84                forward_lite_pad_reflect
 .text.st_int8_copy
                0x080050d0      0x144 ../Middlewares/ST/AI/Lib\NetworkRuntime1000_CM4_GCC.a(st_int8_fill.o)
                0x080050d0                st_int8_copy
 .text.st_int8_fill
                0x08005214       0x88 ../Middlewares/ST/AI/Lib\NetworkRuntime1000_CM4_GCC.a(st_int8_fill.o)
                0x08005214                st_int8_fill
 .text.ai_sum   0x0800529c       0x14 ../Middlewares/ST/AI/Lib\NetworkRuntime1000_CM4_GCC.a(ai_math_helpers.o)
                0x0800529c                ai_sum
 .text.ai_array_to_buffer_fmt
                0x080052b0       0xe0 ../Middlewares/ST/AI/Lib\NetworkRuntime1000_CM4_GCC.a(ai_datatypes_format.o)
                0x080052b0                ai_array_to_buffer_fmt
 .text.ai_array_get_byte_size
                0x08005390       0x50 ../Middlewares/ST/AI/Lib\NetworkRuntime1000_CM4_GCC.a(ai_datatypes_format.o)
                0x08005390                ai_array_get_byte_size
 .text.ai_array_get_data_byte_size
                0x080053e0       0x24 ../Middlewares/ST/AI/Lib\NetworkRuntime1000_CM4_GCC.a(ai_datatypes_format.o)
                0x080053e0                ai_array_get_data_byte_size
 .text.ai_version_get
                0x08005404        0xc ../Middlewares/ST/AI/Lib\NetworkRuntime1000_CM4_GCC.a(ai_datatypes_internal.o)
                0x08005404                ai_version_get
 .text.get_tensor_byte_size
                0x08005410       0x30 ../Middlewares/ST/AI/Lib\NetworkRuntime1000_CM4_GCC.a(ai_datatypes_internal.o)
                0x08005410                get_tensor_byte_size
 .text.core_compute_offsets
                0x08005440      0x124 ../Middlewares/ST/AI/Lib\NetworkRuntime1000_CM4_GCC.a(core_utils.o)
                0x08005440                core_compute_offsets
 .text.bnl_kernel_if32of32
                0x08005564       0x84 ../Middlewares/ST/AI/Lib\NetworkRuntime1000_CM4_GCC.a(forward_lite_bn_internal.o)
                0x08005564                bnl_kernel_if32of32
 .text.memset   0x080055e8       0x10 C:/ST/STM32CubeIDE_1.18.0/STM32CubeIDE/plugins/com.st.stm32cube.ide.mcu.externaltools.gnu-tools-for-stm32.13.3.rel1.win32_1.0.0.202411081344/tools/bin/../lib/gcc/arm-none-eabi/13.3.1/../../../../arm-none-eabi/lib/thumb/v7e-m+fp/hard\libc_nano.a(libc_a-memset.o)
                0x080055e8                memset
 .text.__libc_init_array
                0x080055f8       0x48 C:/ST/STM32CubeIDE_1.18.0/STM32CubeIDE/plugins/com.st.stm32cube.ide.mcu.externaltools.gnu-tools-for-stm32.13.3.rel1.win32_1.0.0.202411081344/tools/bin/../lib/gcc/arm-none-eabi/13.3.1/../../../../arm-none-eabi/lib/thumb/v7e-m+fp/hard\libc_nano.a(libc_a-init.o)
                0x080055f8                __libc_init_array
 *(.glue_7)
 .glue_7        0x08005640        0x0 linker stubs
 *(.glue_7t)
 .glue_7t       0x08005640        0x0 linker stubs
 *(.eh_frame)
 .eh_frame      0x08005640        0x0 C:/ST/STM32CubeIDE_1.18.0/STM32CubeIDE/plugins/com.st.stm32cube.ide.mcu.externaltools.gnu-tools-for-stm32.13.3.rel1.win32_1.0.0.202411081344/tools/bin/../lib/gcc/arm-none-eabi/13.3.1/thumb/v7e-m+fp/hard/crtbegin.o
 *(.init)
 .init          0x08005640        0x4 C:/ST/STM32CubeIDE_1.18.0/STM32CubeIDE/plugins/com.st.stm32cube.ide.mcu.externaltools.gnu-tools-for-stm32.13.3.rel1.win32_1.0.0.202411081344/tools/bin/../lib/gcc/arm-none-eabi/13.3.1/thumb/v7e-m+fp/hard/crti.o
                0x08005640                _init
 .init          0x08005644        0x8 C:/ST/STM32CubeIDE_1.18.0/STM32CubeIDE/plugins/com.st.stm32cube.ide.mcu.externaltools.gnu-tools-for-stm32.13.3.rel1.win32_1.0.0.202411081344/tools/bin/../lib/gcc/arm-none-eabi/13.3.1/thumb/v7e-m+fp/hard/crtn.o
 *(.fini)
 .fini          0x0800564c        0x4 C:/ST/STM32CubeIDE_1.18.0/STM32CubeIDE/plugins/com.st.stm32cube.ide.mcu.externaltools.gnu-tools-for-stm32.13.3.rel1.win32_1.0.0.202411081344/tools/bin/../lib/gcc/arm-none-eabi/13.3.1/thumb/v7e-m+fp/hard/crti.o
                0x0800564c                _fini
 .fini          0x08005650        0x8 C:/ST/STM32CubeIDE_1.18.0/STM32CubeIDE/plugins/com.st.stm32cube.ide.mcu.externaltools.gnu-tools-for-stm32.13.3.rel1.win32_1.0.0.202411081344/tools/bin/../lib/gcc/arm-none-eabi/13.3.1/thumb/v7e-m+fp/hard/crtn.o
                0x08005658                        . = ALIGN (0x4)
                0x08005658                        _etext = .

.vfp11_veneer   0x08005658        0x0
 .vfp11_veneer  0x08005658        0x0 linker stubs

.v4_bx          0x08005658        0x0
 .v4_bx         0x08005658        0x0 linker stubs

.iplt           0x08005658        0x0
 .iplt          0x08005658        0x0 C:/ST/STM32CubeIDE_1.18.0/STM32CubeIDE/plugins/com.st.stm32cube.ide.mcu.externaltools.gnu-tools-for-stm32.13.3.rel1.win32_1.0.0.202411081344/tools/bin/../lib/gcc/arm-none-eabi/13.3.1/thumb/v7e-m+fp/hard/crtbegin.o

.rodata         0x08005660    0x25a70
                0x08005660                        . = ALIGN (0x4)
 *(.rodata)
 .rodata        0x08005660       0x18 ./Core/Src/main.o
 .rodata        0x08005678       0x30 ./X-CUBE-AI/App/network_data.o
 *(.rodata*)
 .rodata.image_0
                0x080056a8     0x3000 ./Core/Src/image_data.o
                0x080056a8                image_0
 .rodata.image_1
                0x080086a8     0x3000 ./Core/Src/image_data.o
                0x080086a8                image_1
 .rodata.image_2
                0x0800b6a8     0x3000 ./Core/Src/image_data.o
                0x0800b6a8                image_2
 .rodata.image_3
                0x0800e6a8     0x3000 ./Core/Src/image_data.o
                0x0800e6a8                image_3
 .rodata.image_4
                0x080116a8     0x3000 ./Core/Src/image_data.o
                0x080116a8                image_4
 .rodata.image_5
                0x080146a8     0x3000 ./Core/Src/image_data.o
                0x080146a8                image_5
 .rodata.image_6
                0x080176a8     0x3000 ./Core/Src/image_data.o
                0x080176a8                image_6
 .rodata.image_7
                0x0801a6a8     0x3000 ./Core/Src/image_data.o
                0x0801a6a8                image_7
 .rodata.image_8
                0x0801d6a8     0x3000 ./Core/Src/image_data.o
                0x0801d6a8                image_8
 .rodata.image_9
                0x080206a8     0x3000 ./Core/Src/image_data.o
                0x080206a8                image_9
 .rodata.image_10
                0x080236a8     0x3000 ./Core/Src/image_data.o
                0x080236a8                image_10
 .rodata.image_11
                0x080266a8     0x3000 ./Core/Src/image_data.o
                0x080266a8                image_11
 .rodata.AHBPrescTable
                0x080296a8       0x10 ./Core/Src/system_stm32f4xx.o
                0x080296a8                AHBPrescTable
 .rodata.gemm_18_chain
                0x080296b8        0x8 ./X-CUBE-AI/App/network.o
 .rodata.reduce_16_Mul_chain
                0x080296c0        0x8 ./X-CUBE-AI/App/network.o
 .rodata.reduce_16_neutral_value_data
                0x080296c8        0x4 ./X-CUBE-AI/App/network.o
 .rodata.reduce_16_neutral_value
                0x080296cc       0x10 ./X-CUBE-AI/App/network.o
 .rodata.reduce_16_chain
                0x080296dc        0x8 ./X-CUBE-AI/App/network.o
 .rodata.transpose_15_chain
                0x080296e4        0x8 ./X-CUBE-AI/App/network.o
 .rodata.pool_14_chain
                0x080296ec        0x8 ./X-CUBE-AI/App/network.o
 .rodata.conv2d_12_chain
                0x080296f4        0x8 ./X-CUBE-AI/App/network.o
 .rodata.transpose_11_chain
                0x080296fc        0x8 ./X-CUBE-AI/App/network.o
 .rodata.pad_10_value_data
                0x08029704        0x4 ./X-CUBE-AI/App/network.o
 .rodata.pad_10_value
                0x08029708       0x10 ./X-CUBE-AI/App/network.o
 .rodata.pad_10_chain
                0x08029718        0x8 ./X-CUBE-AI/App/network.o
 .rodata.in_pad_10_chain
                0x08029720        0x8 ./X-CUBE-AI/App/network.o
 .rodata.conv2d_7_chain
                0x08029728        0x8 ./X-CUBE-AI/App/network.o
 .rodata.transpose_6_chain
                0x08029730        0x8 ./X-CUBE-AI/App/network.o
 .rodata.pad_5_value_data
                0x08029738        0x4 ./X-CUBE-AI/App/network.o
 .rodata.pad_5_value
                0x0802973c       0x10 ./X-CUBE-AI/App/network.o
 .rodata.pad_5_chain
                0x0802974c        0x8 ./X-CUBE-AI/App/network.o
 .rodata.in_pad_5_chain
                0x08029754        0x8 ./X-CUBE-AI/App/network.o
 .rodata.conv2d_2_chain
                0x0802975c        0x8 ./X-CUBE-AI/App/network.o
 .rodata.transpose_1_chain
                0x08029764        0x8 ./X-CUBE-AI/App/network.o
 .rodata.pad_0_value_data
                0x0802976c        0x4 ./X-CUBE-AI/App/network.o
 .rodata.pad_0_value
                0x08029770       0x10 ./X-CUBE-AI/App/network.o
 .rodata.pad_0_chain
                0x08029780        0x8 ./X-CUBE-AI/App/network.o
 .rodata.in_pad_0_chain
                0x08029788        0x8 ./X-CUBE-AI/App/network.o
 *fill*         0x08029790       0x10 
 .rodata.s_network_weights_array_u64
                0x080297a0     0x1930 ./X-CUBE-AI/App/network_data_params.o
                0x080297a0                s_network_weights_array_u64
                0x0802b0d0                        . = ALIGN (0x4)

.ARM.extab      0x0802b0d0        0x0
                0x0802b0d0                        . = ALIGN (0x4)
 *(.ARM.extab* .gnu.linkonce.armextab.*)
                0x0802b0d0                        . = ALIGN (0x4)

.ARM            0x0802b0d0        0x8
                0x0802b0d0                        . = ALIGN (0x4)
                0x0802b0d0                        __exidx_start = .
 *(.ARM.exidx*)
 .ARM.exidx     0x0802b0d0        0x8 C:/ST/STM32CubeIDE_1.18.0/STM32CubeIDE/plugins/com.st.stm32cube.ide.mcu.externaltools.gnu-tools-for-stm32.13.3.rel1.win32_1.0.0.202411081344/tools/bin/../lib/gcc/arm-none-eabi/13.3.1/thumb/v7e-m+fp/hard\libgcc.a(_udivmoddi4.o)
                0x0802b0d8                        __exidx_end = .
                0x0802b0d8                        . = ALIGN (0x4)

.preinit_array  0x0802b0d8        0x0
                0x0802b0d8                        . = ALIGN (0x4)
                0x0802b0d8                        PROVIDE (__preinit_array_start = .)
 *(.preinit_array*)
                0x0802b0d8                        PROVIDE (__preinit_array_end = .)
                0x0802b0d8                        . = ALIGN (0x4)

.init_array     0x0802b0d8        0x4
                0x0802b0d8                        . = ALIGN (0x4)
                0x0802b0d8                        PROVIDE (__init_array_start = .)
 *(SORT_BY_NAME(.init_array.*))
 *(.init_array*)
 .init_array    0x0802b0d8        0x4 C:/ST/STM32CubeIDE_1.18.0/STM32CubeIDE/plugins/com.st.stm32cube.ide.mcu.externaltools.gnu-tools-for-stm32.13.3.rel1.win32_1.0.0.202411081344/tools/bin/../lib/gcc/arm-none-eabi/13.3.1/thumb/v7e-m+fp/hard/crtbegin.o
                0x0802b0dc                        PROVIDE (__init_array_end = .)
                0x0802b0dc                        . = ALIGN (0x4)

.fini_array     0x0802b0dc        0x4
                0x0802b0dc                        . = ALIGN (0x4)
                [!provide]                        PROVIDE (__fini_array_start = .)
 *(SORT_BY_NAME(.fini_array.*))
 *(.fini_array*)
 .fini_array    0x0802b0dc        0x4 C:/ST/STM32CubeIDE_1.18.0/STM32CubeIDE/plugins/com.st.stm32cube.ide.mcu.externaltools.gnu-tools-for-stm32.13.3.rel1.win32_1.0.0.202411081344/tools/bin/../lib/gcc/arm-none-eabi/13.3.1/thumb/v7e-m+fp/hard/crtbegin.o
                [!provide]                        PROVIDE (__fini_array_end = .)
                0x0802b0e0                        . = ALIGN (0x4)
                0x0802b0e0                        _sidata = LOADADDR (.data)

.rel.dyn        0x0802b0e0        0x0
 .rel.iplt      0x0802b0e0        0x0 C:/ST/STM32CubeIDE_1.18.0/STM32CubeIDE/plugins/com.st.stm32cube.ide.mcu.externaltools.gnu-tools-for-stm32.13.3.rel1.win32_1.0.0.202411081344/tools/bin/../lib/gcc/arm-none-eabi/13.3.1/thumb/v7e-m+fp/hard/crtbegin.o

.data           0x20000000     0x13e0 load address 0x0802b0e0
                0x20000000                        . = ALIGN (0x4)
                0x20000000                        _sdata = .
 *(.data)
 *(.data*)
 .data.images   0x20000000       0x30 ./Core/Src/main.o
                0x20000000                images
 .data.SystemCoreClock
                0x20000030        0x4 ./Core/Src/system_stm32f4xx.o
                0x20000030                SystemCoreClock
 .data.uwTickPrio
                0x20000034        0x4 ./Drivers/STM32F4xx_HAL_Driver/Src/stm32f4xx_hal.o
                0x20000034                uwTickPrio
 .data.uwTickFreq
                0x20000038        0x1 ./Drivers/STM32F4xx_HAL_Driver/Src/stm32f4xx_hal.o
                0x20000038                uwTickFreq
 *fill*         0x20000039        0x3 
 .data.serving_default_input0_output_array
                0x2000003c       0x10 ./X-CUBE-AI/App/network.o
 .data.in_pad_0_output_array
                0x2000004c       0x10 ./X-CUBE-AI/App/network.o
 .data.pad_0_output_array
                0x2000005c       0x10 ./X-CUBE-AI/App/network.o
 .data.transpose_1_output_array
                0x2000006c       0x10 ./X-CUBE-AI/App/network.o
 .data.conv2d_2_output_array
                0x2000007c       0x10 ./X-CUBE-AI/App/network.o
 .data.in_pad_5_output_array
                0x2000008c       0x10 ./X-CUBE-AI/App/network.o
 .data.pad_5_output_array
                0x2000009c       0x10 ./X-CUBE-AI/App/network.o
 .data.transpose_6_output_array
                0x200000ac       0x10 ./X-CUBE-AI/App/network.o
 .data.conv2d_7_output_array
                0x200000bc       0x10 ./X-CUBE-AI/App/network.o
 .data.in_pad_10_output_array
                0x200000cc       0x10 ./X-CUBE-AI/App/network.o
 .data.pad_10_output_array
                0x200000dc       0x10 ./X-CUBE-AI/App/network.o
 .data.transpose_11_output_array
                0x200000ec       0x10 ./X-CUBE-AI/App/network.o
 .data.conv2d_12_output_array
                0x200000fc       0x10 ./X-CUBE-AI/App/network.o
 .data.pool_14_output_array
                0x2000010c       0x10 ./X-CUBE-AI/App/network.o
 .data.transpose_15_output_array
                0x2000011c       0x10 ./X-CUBE-AI/App/network.o
 .data.reduce_16_output_array
                0x2000012c       0x10 ./X-CUBE-AI/App/network.o
 .data.reduce_16_Mul_output_array
                0x2000013c       0x10 ./X-CUBE-AI/App/network.o
 .data.gemm_18_output_array
                0x2000014c       0x10 ./X-CUBE-AI/App/network.o
 .data.conv2d_2_weights_array
                0x2000015c       0x10 ./X-CUBE-AI/App/network.o
 .data.conv2d_2_bias_array
                0x2000016c       0x10 ./X-CUBE-AI/App/network.o
 .data.conv2d_7_weights_array
                0x2000017c       0x10 ./X-CUBE-AI/App/network.o
 .data.conv2d_7_bias_array
                0x2000018c       0x10 ./X-CUBE-AI/App/network.o
 .data.conv2d_12_weights_array
                0x2000019c       0x10 ./X-CUBE-AI/App/network.o
 .data.conv2d_12_bias_array
                0x200001ac       0x10 ./X-CUBE-AI/App/network.o
 .data.reduce_16_Mul_scale_array
                0x200001bc       0x10 ./X-CUBE-AI/App/network.o
 .data.reduce_16_Mul_bias_array
                0x200001cc       0x10 ./X-CUBE-AI/App/network.o
 .data.gemm_18_weights_array
                0x200001dc       0x10 ./X-CUBE-AI/App/network.o
 .data.gemm_18_bias_array
                0x200001ec       0x10 ./X-CUBE-AI/App/network.o
 .data.conv2d_2_scratch0_array
                0x200001fc       0x10 ./X-CUBE-AI/App/network.o
 .data.conv2d_2_scratch1_array
                0x2000020c       0x10 ./X-CUBE-AI/App/network.o
 .data.conv2d_7_scratch0_array
                0x2000021c       0x10 ./X-CUBE-AI/App/network.o
 .data.conv2d_7_scratch1_array
                0x2000022c       0x10 ./X-CUBE-AI/App/network.o
 .data.conv2d_12_scratch0_array
                0x2000023c       0x10 ./X-CUBE-AI/App/network.o
 .data.conv2d_12_scratch1_array
                0x2000024c       0x10 ./X-CUBE-AI/App/network.o
 .data.__compound_literal.0
                0x2000025c       0x10 ./X-CUBE-AI/App/network.o
 .data.__compound_literal.1
                0x2000026c       0x10 ./X-CUBE-AI/App/network.o
 .data.conv2d_12_bias
                0x2000027c       0x1c ./X-CUBE-AI/App/network.o
 .data.__compound_literal.2
                0x20000298       0x10 ./X-CUBE-AI/App/network.o
 .data.__compound_literal.3
                0x200002a8       0x10 ./X-CUBE-AI/App/network.o
 .data.conv2d_12_output
                0x200002b8       0x1c ./X-CUBE-AI/App/network.o
 .data.__compound_literal.4
                0x200002d4       0x10 ./X-CUBE-AI/App/network.o
 .data.__compound_literal.5
                0x200002e4       0x10 ./X-CUBE-AI/App/network.o
 .data.conv2d_12_scratch0
                0x200002f4       0x1c ./X-CUBE-AI/App/network.o
 .data.__compound_literal.6
                0x20000310       0x10 ./X-CUBE-AI/App/network.o
 .data.__compound_literal.7
                0x20000320       0x10 ./X-CUBE-AI/App/network.o
 .data.conv2d_12_scratch1
                0x20000330       0x1c ./X-CUBE-AI/App/network.o
 .data.__compound_literal.8
                0x2000034c       0x10 ./X-CUBE-AI/App/network.o
 .data.__compound_literal.9
                0x2000035c       0x10 ./X-CUBE-AI/App/network.o
 .data.conv2d_12_weights
                0x2000036c       0x1c ./X-CUBE-AI/App/network.o
 .data.__compound_literal.10
                0x20000388       0x10 ./X-CUBE-AI/App/network.o
 .data.__compound_literal.11
                0x20000398       0x10 ./X-CUBE-AI/App/network.o
 .data.conv2d_2_bias
                0x200003a8       0x1c ./X-CUBE-AI/App/network.o
 .data.__compound_literal.12
                0x200003c4       0x10 ./X-CUBE-AI/App/network.o
 .data.__compound_literal.13
                0x200003d4       0x10 ./X-CUBE-AI/App/network.o
 .data.conv2d_2_output
                0x200003e4       0x1c ./X-CUBE-AI/App/network.o
 .data.__compound_literal.14
                0x20000400       0x10 ./X-CUBE-AI/App/network.o
 .data.__compound_literal.15
                0x20000410       0x10 ./X-CUBE-AI/App/network.o
 .data.conv2d_2_scratch0
                0x20000420       0x1c ./X-CUBE-AI/App/network.o
 .data.__compound_literal.16
                0x2000043c       0x10 ./X-CUBE-AI/App/network.o
 .data.__compound_literal.17
                0x2000044c       0x10 ./X-CUBE-AI/App/network.o
 .data.conv2d_2_scratch1
                0x2000045c       0x1c ./X-CUBE-AI/App/network.o
 .data.__compound_literal.18
                0x20000478       0x10 ./X-CUBE-AI/App/network.o
 .data.__compound_literal.19
                0x20000488       0x10 ./X-CUBE-AI/App/network.o
 .data.conv2d_2_weights
                0x20000498       0x1c ./X-CUBE-AI/App/network.o
 .data.__compound_literal.20
                0x200004b4       0x10 ./X-CUBE-AI/App/network.o
 .data.__compound_literal.21
                0x200004c4       0x10 ./X-CUBE-AI/App/network.o
 .data.conv2d_7_bias
                0x200004d4       0x1c ./X-CUBE-AI/App/network.o
 .data.__compound_literal.22
                0x200004f0       0x10 ./X-CUBE-AI/App/network.o
 .data.__compound_literal.23
                0x20000500       0x10 ./X-CUBE-AI/App/network.o
 .data.conv2d_7_output
                0x20000510       0x1c ./X-CUBE-AI/App/network.o
 .data.__compound_literal.24
                0x2000052c       0x10 ./X-CUBE-AI/App/network.o
 .data.__compound_literal.25
                0x2000053c       0x10 ./X-CUBE-AI/App/network.o
 .data.conv2d_7_scratch0
                0x2000054c       0x1c ./X-CUBE-AI/App/network.o
 .data.__compound_literal.26
                0x20000568       0x10 ./X-CUBE-AI/App/network.o
 .data.__compound_literal.27
                0x20000578       0x10 ./X-CUBE-AI/App/network.o
 .data.conv2d_7_scratch1
                0x20000588       0x1c ./X-CUBE-AI/App/network.o
 .data.__compound_literal.28
                0x200005a4       0x10 ./X-CUBE-AI/App/network.o
 .data.__compound_literal.29
                0x200005b4       0x10 ./X-CUBE-AI/App/network.o
 .data.conv2d_7_weights
                0x200005c4       0x1c ./X-CUBE-AI/App/network.o
 .data.__compound_literal.30
                0x200005e0       0x10 ./X-CUBE-AI/App/network.o
 .data.__compound_literal.31
                0x200005f0       0x10 ./X-CUBE-AI/App/network.o
 .data.gemm_18_bias
                0x20000600       0x1c ./X-CUBE-AI/App/network.o
 .data.__compound_literal.32
                0x2000061c       0x10 ./X-CUBE-AI/App/network.o
 .data.__compound_literal.33
                0x2000062c       0x10 ./X-CUBE-AI/App/network.o
 .data.gemm_18_output
                0x2000063c       0x1c ./X-CUBE-AI/App/network.o
 .data.__compound_literal.34
                0x20000658       0x10 ./X-CUBE-AI/App/network.o
 .data.__compound_literal.35
                0x20000668       0x10 ./X-CUBE-AI/App/network.o
 .data.gemm_18_weights
                0x20000678       0x1c ./X-CUBE-AI/App/network.o
 .data.__compound_literal.36
                0x20000694       0x10 ./X-CUBE-AI/App/network.o
 .data.__compound_literal.37
                0x200006a4       0x10 ./X-CUBE-AI/App/network.o
 .data.in_pad_0_output
                0x200006b4       0x1c ./X-CUBE-AI/App/network.o
 .data.__compound_literal.38
                0x200006d0       0x10 ./X-CUBE-AI/App/network.o
 .data.__compound_literal.39
                0x200006e0       0x10 ./X-CUBE-AI/App/network.o
 .data.in_pad_10_output
                0x200006f0       0x1c ./X-CUBE-AI/App/network.o
 .data.__compound_literal.40
                0x2000070c       0x10 ./X-CUBE-AI/App/network.o
 .data.__compound_literal.41
                0x2000071c       0x10 ./X-CUBE-AI/App/network.o
 .data.in_pad_5_output
                0x2000072c       0x1c ./X-CUBE-AI/App/network.o
 .data.__compound_literal.42
                0x20000748       0x10 ./X-CUBE-AI/App/network.o
 .data.__compound_literal.43
                0x20000758       0x10 ./X-CUBE-AI/App/network.o
 .data.pad_0_output
                0x20000768       0x1c ./X-CUBE-AI/App/network.o
 .data.__compound_literal.44
                0x20000784       0x10 ./X-CUBE-AI/App/network.o
 .data.__compound_literal.45
                0x20000794       0x10 ./X-CUBE-AI/App/network.o
 .data.pad_10_output
                0x200007a4       0x1c ./X-CUBE-AI/App/network.o
 .data.__compound_literal.46
                0x200007c0       0x10 ./X-CUBE-AI/App/network.o
 .data.__compound_literal.47
                0x200007d0       0x10 ./X-CUBE-AI/App/network.o
 .data.pad_5_output
                0x200007e0       0x1c ./X-CUBE-AI/App/network.o
 .data.__compound_literal.48
                0x200007fc       0x10 ./X-CUBE-AI/App/network.o
 .data.__compound_literal.49
                0x2000080c       0x10 ./X-CUBE-AI/App/network.o
 .data.pool_14_output
                0x2000081c       0x1c ./X-CUBE-AI/App/network.o
 .data.__compound_literal.50
                0x20000838       0x10 ./X-CUBE-AI/App/network.o
 .data.__compound_literal.51
                0x20000848       0x10 ./X-CUBE-AI/App/network.o
 .data.reduce_16_Mul_bias
                0x20000858       0x1c ./X-CUBE-AI/App/network.o
 .data.__compound_literal.52
                0x20000874       0x10 ./X-CUBE-AI/App/network.o
 .data.__compound_literal.53
                0x20000884       0x10 ./X-CUBE-AI/App/network.o
 .data.reduce_16_Mul_output
                0x20000894       0x1c ./X-CUBE-AI/App/network.o
 .data.__compound_literal.54
                0x200008b0       0x10 ./X-CUBE-AI/App/network.o
 .data.__compound_literal.55
                0x200008c0       0x10 ./X-CUBE-AI/App/network.o
 .data.reduce_16_Mul_output0
                0x200008d0       0x1c ./X-CUBE-AI/App/network.o
 .data.__compound_literal.56
                0x200008ec       0x10 ./X-CUBE-AI/App/network.o
 .data.__compound_literal.57
                0x200008fc       0x10 ./X-CUBE-AI/App/network.o
 .data.reduce_16_Mul_scale
                0x2000090c       0x1c ./X-CUBE-AI/App/network.o
 .data.__compound_literal.58
                0x20000928       0x10 ./X-CUBE-AI/App/network.o
 .data.__compound_literal.59
                0x20000938       0x10 ./X-CUBE-AI/App/network.o
 .data.reduce_16_output
                0x20000948       0x1c ./X-CUBE-AI/App/network.o
 .data.__compound_literal.60
                0x20000964       0x10 ./X-CUBE-AI/App/network.o
 .data.__compound_literal.61
                0x20000974       0x10 ./X-CUBE-AI/App/network.o
 .data.serving_default_input0_output
                0x20000984       0x1c ./X-CUBE-AI/App/network.o
 .data.__compound_literal.62
                0x200009a0       0x10 ./X-CUBE-AI/App/network.o
 .data.__compound_literal.63
                0x200009b0       0x10 ./X-CUBE-AI/App/network.o
 .data.transpose_11_output
                0x200009c0       0x1c ./X-CUBE-AI/App/network.o
 .data.__compound_literal.64
                0x200009dc       0x10 ./X-CUBE-AI/App/network.o
 .data.__compound_literal.65
                0x200009ec       0x10 ./X-CUBE-AI/App/network.o
 .data.transpose_15_output
                0x200009fc       0x1c ./X-CUBE-AI/App/network.o
 .data.__compound_literal.66
                0x20000a18       0x10 ./X-CUBE-AI/App/network.o
 .data.__compound_literal.67
                0x20000a28       0x10 ./X-CUBE-AI/App/network.o
 .data.transpose_1_output
                0x20000a38       0x1c ./X-CUBE-AI/App/network.o
 .data.__compound_literal.68
                0x20000a54       0x10 ./X-CUBE-AI/App/network.o
 .data.__compound_literal.69
                0x20000a64       0x10 ./X-CUBE-AI/App/network.o
 .data.transpose_6_output
                0x20000a74       0x1c ./X-CUBE-AI/App/network.o
 .data.__compound_literal.70
                0x20000a90        0x4 ./X-CUBE-AI/App/network.o
 .data.__compound_literal.71
                0x20000a94        0x4 ./X-CUBE-AI/App/network.o
 .data.__compound_literal.72
                0x20000a98        0x8 ./X-CUBE-AI/App/network.o
 .data.__compound_literal.74
                0x20000aa0       0x30 ./X-CUBE-AI/App/network.o
 .data.gemm_18_layer
                0x20000ad0       0x1c ./X-CUBE-AI/App/network.o
 .data.__compound_literal.75
                0x20000aec        0x4 ./X-CUBE-AI/App/network.o
 .data.__compound_literal.76
                0x20000af0        0x4 ./X-CUBE-AI/App/network.o
 .data.__compound_literal.77
                0x20000af4        0x8 ./X-CUBE-AI/App/network.o
 .data.__compound_literal.79
                0x20000afc       0x30 ./X-CUBE-AI/App/network.o
 .data.reduce_16_Mul_layer
                0x20000b2c       0x1c ./X-CUBE-AI/App/network.o
 .data.__compound_literal.80
                0x20000b48        0x4 ./X-CUBE-AI/App/network.o
 .data.__compound_literal.81
                0x20000b4c        0x4 ./X-CUBE-AI/App/network.o
 .data.__compound_literal.84
                0x20000b50       0x30 ./X-CUBE-AI/App/network.o
 .data.reduce_16_layer
                0x20000b80       0x24 ./X-CUBE-AI/App/network.o
 .data.__compound_literal.85
                0x20000ba4        0x4 ./X-CUBE-AI/App/network.o
 .data.__compound_literal.86
                0x20000ba8        0x4 ./X-CUBE-AI/App/network.o
 .data.__compound_literal.89
                0x20000bac       0x30 ./X-CUBE-AI/App/network.o
 .data.__compound_literal.90
                0x20000bdc       0x18 ./X-CUBE-AI/App/network.o
 .data.transpose_15_layer
                0x20000bf4       0x24 ./X-CUBE-AI/App/network.o
 .data.__compound_literal.91
                0x20000c18        0x4 ./X-CUBE-AI/App/network.o
 .data.__compound_literal.92
                0x20000c1c        0x4 ./X-CUBE-AI/App/network.o
 .data.__compound_literal.95
                0x20000c20       0x30 ./X-CUBE-AI/App/network.o
 .data.pool_14_layer
                0x20000c50       0x38 ./X-CUBE-AI/App/network.o
 .data.__compound_literal.97
                0x20000c88        0x4 ./X-CUBE-AI/App/network.o
 .data.__compound_literal.98
                0x20000c8c        0x4 ./X-CUBE-AI/App/network.o
 .data.__compound_literal.99
                0x20000c90        0xc ./X-CUBE-AI/App/network.o
 .data.__compound_literal.100
                0x20000c9c        0x8 ./X-CUBE-AI/App/network.o
 .data.__compound_literal.101
                0x20000ca4       0x30 ./X-CUBE-AI/App/network.o
 .data.conv2d_12_layer
                0x20000cd4       0x60 ./X-CUBE-AI/App/network.o
 .data.__compound_literal.104
                0x20000d34        0x4 ./X-CUBE-AI/App/network.o
 .data.__compound_literal.105
                0x20000d38        0x4 ./X-CUBE-AI/App/network.o
 .data.__compound_literal.108
                0x20000d3c       0x30 ./X-CUBE-AI/App/network.o
 .data.__compound_literal.109
                0x20000d6c       0x18 ./X-CUBE-AI/App/network.o
 .data.transpose_11_layer
                0x20000d84       0x24 ./X-CUBE-AI/App/network.o
 .data.__compound_literal.110
                0x20000da8        0x4 ./X-CUBE-AI/App/network.o
 .data.__compound_literal.111
                0x20000dac        0x4 ./X-CUBE-AI/App/network.o
 .data.__compound_literal.114
                0x20000db0       0x30 ./X-CUBE-AI/App/network.o
 .data.__compound_literal.115
                0x20000de0       0x10 ./X-CUBE-AI/App/network.o
 .data.pad_10_layer
                0x20000df0       0x2c ./X-CUBE-AI/App/network.o
 .data.__compound_literal.116
                0x20000e1c        0x4 ./X-CUBE-AI/App/network.o
 .data.__compound_literal.117
                0x20000e20        0x4 ./X-CUBE-AI/App/network.o
 .data.__compound_literal.120
                0x20000e24       0x30 ./X-CUBE-AI/App/network.o
 .data.__compound_literal.121
                0x20000e54       0x18 ./X-CUBE-AI/App/network.o
 .data.in_pad_10_layer
                0x20000e6c       0x24 ./X-CUBE-AI/App/network.o
 .data.__compound_literal.122
                0x20000e90        0x4 ./X-CUBE-AI/App/network.o
 .data.__compound_literal.123
                0x20000e94        0x4 ./X-CUBE-AI/App/network.o
 .data.__compound_literal.124
                0x20000e98        0xc ./X-CUBE-AI/App/network.o
 .data.__compound_literal.125
                0x20000ea4        0x8 ./X-CUBE-AI/App/network.o
 .data.__compound_literal.126
                0x20000eac       0x30 ./X-CUBE-AI/App/network.o
 .data.conv2d_7_layer
                0x20000edc       0x60 ./X-CUBE-AI/App/network.o
 .data.__compound_literal.129
                0x20000f3c        0x4 ./X-CUBE-AI/App/network.o
 .data.__compound_literal.130
                0x20000f40        0x4 ./X-CUBE-AI/App/network.o
 .data.__compound_literal.133
                0x20000f44       0x30 ./X-CUBE-AI/App/network.o
 .data.__compound_literal.134
                0x20000f74       0x18 ./X-CUBE-AI/App/network.o
 .data.transpose_6_layer
                0x20000f8c       0x24 ./X-CUBE-AI/App/network.o
 .data.__compound_literal.135
                0x20000fb0        0x4 ./X-CUBE-AI/App/network.o
 .data.__compound_literal.136
                0x20000fb4        0x4 ./X-CUBE-AI/App/network.o
 .data.__compound_literal.139
                0x20000fb8       0x30 ./X-CUBE-AI/App/network.o
 .data.__compound_literal.140
                0x20000fe8       0x10 ./X-CUBE-AI/App/network.o
 .data.pad_5_layer
                0x20000ff8       0x2c ./X-CUBE-AI/App/network.o
 .data.__compound_literal.141
                0x20001024        0x4 ./X-CUBE-AI/App/network.o
 .data.__compound_literal.142
                0x20001028        0x4 ./X-CUBE-AI/App/network.o
 .data.__compound_literal.145
                0x2000102c       0x30 ./X-CUBE-AI/App/network.o
 .data.__compound_literal.146
                0x2000105c       0x18 ./X-CUBE-AI/App/network.o
 .data.in_pad_5_layer
                0x20001074       0x24 ./X-CUBE-AI/App/network.o
 .data.__compound_literal.147
                0x20001098        0x4 ./X-CUBE-AI/App/network.o
 .data.__compound_literal.148
                0x2000109c        0x4 ./X-CUBE-AI/App/network.o
 .data.__compound_literal.149
                0x200010a0        0xc ./X-CUBE-AI/App/network.o
 .data.__compound_literal.150
                0x200010ac        0x8 ./X-CUBE-AI/App/network.o
 .data.__compound_literal.151
                0x200010b4       0x30 ./X-CUBE-AI/App/network.o
 .data.conv2d_2_layer
                0x200010e4       0x60 ./X-CUBE-AI/App/network.o
 .data.__compound_literal.154
                0x20001144        0x4 ./X-CUBE-AI/App/network.o
 .data.__compound_literal.155
                0x20001148        0x4 ./X-CUBE-AI/App/network.o
 .data.__compound_literal.158
                0x2000114c       0x30 ./X-CUBE-AI/App/network.o
 .data.__compound_literal.159
                0x2000117c       0x18 ./X-CUBE-AI/App/network.o
 .data.transpose_1_layer
                0x20001194       0x24 ./X-CUBE-AI/App/network.o
 .data.__compound_literal.160
                0x200011b8        0x4 ./X-CUBE-AI/App/network.o
 .data.__compound_literal.161
                0x200011bc        0x4 ./X-CUBE-AI/App/network.o
 .data.__compound_literal.164
                0x200011c0       0x30 ./X-CUBE-AI/App/network.o
 .data.__compound_literal.165
                0x200011f0       0x10 ./X-CUBE-AI/App/network.o
 .data.pad_0_layer
                0x20001200       0x2c ./X-CUBE-AI/App/network.o
 .data.__compound_literal.166
                0x2000122c        0x4 ./X-CUBE-AI/App/network.o
 .data.__compound_literal.167
                0x20001230        0x4 ./X-CUBE-AI/App/network.o
 .data.__compound_literal.170
                0x20001234       0x30 ./X-CUBE-AI/App/network.o
 .data.__compound_literal.171
                0x20001264       0x18 ./X-CUBE-AI/App/network.o
 .data.in_pad_0_layer
                0x2000127c       0x24 ./X-CUBE-AI/App/network.o
 .data.__compound_literal.172
                0x200012a0       0x10 ./X-CUBE-AI/App/network.o
 .data.__compound_literal.173
                0x200012b0       0x1c ./X-CUBE-AI/App/network.o
 .data.__compound_literal.174
                0x200012cc       0x10 ./X-CUBE-AI/App/network.o
 .data.__compound_literal.175
                0x200012dc       0x1c ./X-CUBE-AI/App/network.o
 .data.__compound_literal.176
                0x200012f8        0x4 ./X-CUBE-AI/App/network.o
 .data.__compound_literal.180
                0x200012fc        0xc ./X-CUBE-AI/App/network.o
 .data.__compound_literal.181
                0x20001308        0x4 ./X-CUBE-AI/App/network.o
 .data.__compound_literal.185
                0x2000130c        0xc ./X-CUBE-AI/App/network.o
 .data.__compound_literal.186
                0x20001318       0x18 ./X-CUBE-AI/App/network.o
 .data.g_network
                0x20001330       0x4c ./X-CUBE-AI/App/network.o
 .data.__compound_literal.0
                0x2000137c       0x10 ./X-CUBE-AI/App/network_data.o
 .data.g_network_data_map_activations
                0x2000138c       0x1c ./X-CUBE-AI/App/network_data.o
                0x2000138c                g_network_data_map_activations
 .data.__compound_literal.1
                0x200013a8       0x10 ./X-CUBE-AI/App/network_data.o
 .data.g_network_data_map_weights
                0x200013b8       0x1c ./X-CUBE-AI/App/network_data.o
                0x200013b8                g_network_data_map_weights
 .data.g_network_weights_table
                0x200013d4        0xc ./X-CUBE-AI/App/network_data_params.o
                0x200013d4                g_network_weights_table
 *(.RamFunc)
 *(.RamFunc*)
                0x200013e0                        . = ALIGN (0x4)
                0x200013e0                        _edata = .
                0x0802c4c0                        _siccmram = LOADADDR (.ccmram)

.igot.plt       0x200013e0        0x0 load address 0x0802c4c0
 .igot.plt      0x200013e0        0x0 C:/ST/STM32CubeIDE_1.18.0/STM32CubeIDE/plugins/com.st.stm32cube.ide.mcu.externaltools.gnu-tools-for-stm32.13.3.rel1.win32_1.0.0.202411081344/tools/bin/../lib/gcc/arm-none-eabi/13.3.1/thumb/v7e-m+fp/hard/crtbegin.o

.ccmram         0x10000000        0x0 load address 0x0802c4c0
                0x10000000                        . = ALIGN (0x4)
                0x10000000                        _sccmram = .
 *(.ccmram)
 *(.ccmram*)
                0x10000000                        . = ALIGN (0x4)
                0x10000000                        _eccmram = .
                0x10000000                        . = ALIGN (0x4)

.bss            0x200013e0    0x259e4
                0x200013e0                        _sbss = .
                0x200013e0                        __bss_start__ = _sbss
 *(.bss)
 .bss           0x200013e0       0x1c C:/ST/STM32CubeIDE_1.18.0/STM32CubeIDE/plugins/com.st.stm32cube.ide.mcu.externaltools.gnu-tools-for-stm32.13.3.rel1.win32_1.0.0.202411081344/tools/bin/../lib/gcc/arm-none-eabi/13.3.1/thumb/v7e-m+fp/hard/crtbegin.o
 *(.bss*)
 .bss.hcrc      0x200013fc        0x8 ./Core/Src/main.o
                0x200013fc                hcrc
 .bss.activations
                0x20001404    0x19860 ./Core/Src/main.o
                0x20001404                activations
 .bss.input_data
                0x2001ac64     0xc000 ./Core/Src/main.o
                0x2001ac64                input_data
 .bss.output_data
                0x20026c64        0x8 ./Core/Src/main.o
                0x20026c64                output_data
 .bss.network   0x20026c6c        0x4 ./Core/Src/main.o
 .bss.ai_input  0x20026c70        0x4 ./Core/Src/main.o
 .bss.ai_output
                0x20026c74        0x4 ./Core/Src/main.o
 .bss.uwTick    0x20026c78        0x4 ./Drivers/STM32F4xx_HAL_Driver/Src/stm32f4xx_hal.o
                0x20026c78                uwTick
 .bss.g_network_activations_map
                0x20026c7c        0x4 ./X-CUBE-AI/App/network.o
 .bss.g_network_weights_map
                0x20026c80        0x4 ./X-CUBE-AI/App/network.o
 .bss.__compound_literal.73
                0x20026c84        0x4 ./X-CUBE-AI/App/network.o
 .bss.__compound_literal.78
                0x20026c88        0x4 ./X-CUBE-AI/App/network.o
 .bss.__compound_literal.82
                0x20026c8c        0x4 ./X-CUBE-AI/App/network.o
 .bss.__compound_literal.83
                0x20026c90        0x4 ./X-CUBE-AI/App/network.o
 .bss.__compound_literal.87
                0x20026c94        0x4 ./X-CUBE-AI/App/network.o
 .bss.__compound_literal.88
                0x20026c98        0x4 ./X-CUBE-AI/App/network.o
 .bss.__compound_literal.93
                0x20026c9c        0x4 ./X-CUBE-AI/App/network.o
 .bss.__compound_literal.94
                0x20026ca0        0x4 ./X-CUBE-AI/App/network.o
 .bss.__compound_literal.96
                0x20026ca4       0x10 ./X-CUBE-AI/App/network.o
 .bss.__compound_literal.102
                0x20026cb4       0x10 ./X-CUBE-AI/App/network.o
 .bss.__compound_literal.103
                0x20026cc4       0x10 ./X-CUBE-AI/App/network.o
 .bss.__compound_literal.106
                0x20026cd4        0x4 ./X-CUBE-AI/App/network.o
 .bss.__compound_literal.107
                0x20026cd8        0x4 ./X-CUBE-AI/App/network.o
 .bss.__compound_literal.112
                0x20026cdc        0x4 ./X-CUBE-AI/App/network.o
 .bss.__compound_literal.113
                0x20026ce0        0x4 ./X-CUBE-AI/App/network.o
 .bss.__compound_literal.118
                0x20026ce4        0x4 ./X-CUBE-AI/App/network.o
 .bss.__compound_literal.119
                0x20026ce8        0x4 ./X-CUBE-AI/App/network.o
 .bss.__compound_literal.127
                0x20026cec       0x10 ./X-CUBE-AI/App/network.o
 .bss.__compound_literal.128
                0x20026cfc       0x10 ./X-CUBE-AI/App/network.o
 .bss.__compound_literal.131
                0x20026d0c        0x4 ./X-CUBE-AI/App/network.o
 .bss.__compound_literal.132
                0x20026d10        0x4 ./X-CUBE-AI/App/network.o
 .bss.__compound_literal.137
                0x20026d14        0x4 ./X-CUBE-AI/App/network.o
 .bss.__compound_literal.138
                0x20026d18        0x4 ./X-CUBE-AI/App/network.o
 .bss.__compound_literal.143
                0x20026d1c        0x4 ./X-CUBE-AI/App/network.o
 .bss.__compound_literal.144
                0x20026d20        0x4 ./X-CUBE-AI/App/network.o
 .bss.__compound_literal.152
                0x20026d24       0x10 ./X-CUBE-AI/App/network.o
 .bss.__compound_literal.153
                0x20026d34       0x10 ./X-CUBE-AI/App/network.o
 .bss.__compound_literal.156
                0x20026d44        0x4 ./X-CUBE-AI/App/network.o
 .bss.__compound_literal.157
                0x20026d48        0x4 ./X-CUBE-AI/App/network.o
 .bss.__compound_literal.162
                0x20026d4c        0x4 ./X-CUBE-AI/App/network.o
 .bss.__compound_literal.163
                0x20026d50        0x4 ./X-CUBE-AI/App/network.o
 .bss.__compound_literal.168
                0x20026d54        0x4 ./X-CUBE-AI/App/network.o
 .bss.__compound_literal.169
                0x20026d58        0x4 ./X-CUBE-AI/App/network.o
 .bss.__compound_literal.177
                0x20026d5c       0x1c ./X-CUBE-AI/App/network.o
 .bss.__compound_literal.178
                0x20026d78       0x10 ./X-CUBE-AI/App/network.o
 .bss.__compound_literal.179
                0x20026d88        0x8 ./X-CUBE-AI/App/network.o
 .bss.__compound_literal.182
                0x20026d90       0x1c ./X-CUBE-AI/App/network.o
 .bss.__compound_literal.183
                0x20026dac       0x10 ./X-CUBE-AI/App/network.o
 .bss.__compound_literal.184
                0x20026dbc        0x8 ./X-CUBE-AI/App/network.o
 *(COMMON)
                0x20026dc4                        . = ALIGN (0x4)
                0x20026dc4                        _ebss = .
                0x20026dc4                        __bss_end__ = _ebss

._user_heap_stack
                0x20026dc4     0x1004
                0x20026dc8                        . = ALIGN (0x8)
 *fill*         0x20026dc4        0x4 
                [!provide]                        PROVIDE (end = .)
                0x20026dc8                        PROVIDE (_end = .)
                0x200275c8                        . = (. + _Min_Heap_Size)
 *fill*         0x20026dc8      0x800 
                0x20027dc8                        . = (. + _Min_Stack_Size)
 *fill*         0x200275c8      0x800 
                0x20027dc8                        . = ALIGN (0x8)

/DISCARD/
 libc.a(*)
 libm.a(*)
 libgcc.a(*)

.ARM.attributes
                0x00000000       0x30
 *(.ARM.attributes)
 .ARM.attributes
                0x00000000       0x22 C:/ST/STM32CubeIDE_1.18.0/STM32CubeIDE/plugins/com.st.stm32cube.ide.mcu.externaltools.gnu-tools-for-stm32.13.3.rel1.win32_1.0.0.202411081344/tools/bin/../lib/gcc/arm-none-eabi/13.3.1/thumb/v7e-m+fp/hard/crti.o
 .ARM.attributes
                0x00000022       0x34 C:/ST/STM32CubeIDE_1.18.0/STM32CubeIDE/plugins/com.st.stm32cube.ide.mcu.externaltools.gnu-tools-for-stm32.13.3.rel1.win32_1.0.0.202411081344/tools/bin/../lib/gcc/arm-none-eabi/13.3.1/thumb/v7e-m+fp/hard/crtbegin.o
 .ARM.attributes
                0x00000056       0x34 ./Core/Src/image_data.o
 .ARM.attributes
                0x0000008a       0x34 ./Core/Src/main.o
 .ARM.attributes
                0x000000be       0x34 ./Core/Src/stm32f4xx_hal_msp.o
 .ARM.attributes
                0x000000f2       0x34 ./Core/Src/stm32f4xx_it.o
 .ARM.attributes
                0x00000126       0x34 ./Core/Src/system_stm32f4xx.o
 .ARM.attributes
                0x0000015a       0x21 ./Core/Startup/startup_stm32f429zitx.o
 .ARM.attributes
                0x0000017b       0x34 ./Drivers/STM32F4xx_HAL_Driver/Src/stm32f4xx_hal.o
 .ARM.attributes
                0x000001af       0x34 ./Drivers/STM32F4xx_HAL_Driver/Src/stm32f4xx_hal_cortex.o
 .ARM.attributes
                0x000001e3       0x34 ./Drivers/STM32F4xx_HAL_Driver/Src/stm32f4xx_hal_crc.o
 .ARM.attributes
                0x00000217       0x34 ./Drivers/STM32F4xx_HAL_Driver/Src/stm32f4xx_hal_gpio.o
 .ARM.attributes
                0x0000024b       0x34 ./Drivers/STM32F4xx_HAL_Driver/Src/stm32f4xx_hal_pwr_ex.o
 .ARM.attributes
                0x0000027f       0x34 ./Drivers/STM32F4xx_HAL_Driver/Src/stm32f4xx_hal_rcc.o
 .ARM.attributes
                0x000002b3       0x34 ./X-CUBE-AI/App/network.o
 .ARM.attributes
                0x000002e7       0x34 ./X-CUBE-AI/App/network_data.o
 .ARM.attributes
                0x0000031b       0x34 ./X-CUBE-AI/App/network_data_params.o
 .ARM.attributes
                0x0000034f       0x30 ../Middlewares/ST/AI/Lib\NetworkRuntime1000_CM4_GCC.a(ai_platform.o)
 .ARM.attributes
                0x0000037f       0x30 ../Middlewares/ST/AI/Lib\NetworkRuntime1000_CM4_GCC.a(ai_platform_interface.o)
 .ARM.attributes
                0x000003af       0x30 ../Middlewares/ST/AI/Lib\NetworkRuntime1000_CM4_GCC.a(core_common.o)
 .ARM.attributes
                0x000003df       0x30 ../Middlewares/ST/AI/Lib\NetworkRuntime1000_CM4_GCC.a(layers.o)
 .ARM.attributes
                0x0000040f       0x30 ../Middlewares/ST/AI/Lib\NetworkRuntime1000_CM4_GCC.a(layers_conv2d_generic_float.o)
 .ARM.attributes
                0x0000043f       0x30 ../Middlewares/ST/AI/Lib\NetworkRuntime1000_CM4_GCC.a(layers_generic_float.o)
 .ARM.attributes
                0x0000046f       0x30 ../Middlewares/ST/AI/Lib\NetworkRuntime1000_CM4_GCC.a(layers_norm_generic_float.o)
 .ARM.attributes
                0x0000049f       0x30 ../Middlewares/ST/AI/Lib\NetworkRuntime1000_CM4_GCC.a(layers_pad_generic.o)
 .ARM.attributes
                0x000004cf       0x30 ../Middlewares/ST/AI/Lib\NetworkRuntime1000_CM4_GCC.a(layers_pool_generic_float.o)
 .ARM.attributes
                0x000004ff       0x30 ../Middlewares/ST/AI/Lib\NetworkRuntime1000_CM4_GCC.a(forward_lite_conv2d_if32of32wf32.o)
 .ARM.attributes
                0x0000052f       0x30 ../Middlewares/ST/AI/Lib\NetworkRuntime1000_CM4_GCC.a(forward_lite_pool_f32.o)
 .ARM.attributes
                0x0000055f       0x30 ../Middlewares/ST/AI/Lib\NetworkRuntime1000_CM4_GCC.a(lite_bn_f32.o)
 .ARM.attributes
                0x0000058f       0x30 ../Middlewares/ST/AI/Lib\NetworkRuntime1000_CM4_GCC.a(lite_dense_if32.o)
 .ARM.attributes
                0x000005bf       0x30 ../Middlewares/ST/AI/Lib\NetworkRuntime1000_CM4_GCC.a(lite_nl_generic_float.o)
 .ARM.attributes
                0x000005ef       0x30 ../Middlewares/ST/AI/Lib\NetworkRuntime1000_CM4_GCC.a(forward_lite_pad_generic.o)
 .ARM.attributes
                0x0000061f       0x30 ../Middlewares/ST/AI/Lib\NetworkRuntime1000_CM4_GCC.a(st_int8_fill.o)
 .ARM.attributes
                0x0000064f       0x30 ../Middlewares/ST/AI/Lib\NetworkRuntime1000_CM4_GCC.a(ai_math_helpers.o)
 .ARM.attributes
                0x0000067f       0x30 ../Middlewares/ST/AI/Lib\NetworkRuntime1000_CM4_GCC.a(ai_datatypes_format.o)
 .ARM.attributes
                0x000006af       0x30 ../Middlewares/ST/AI/Lib\NetworkRuntime1000_CM4_GCC.a(ai_datatypes_internal.o)
 .ARM.attributes
                0x000006df       0x30 ../Middlewares/ST/AI/Lib\NetworkRuntime1000_CM4_GCC.a(core_utils.o)
 .ARM.attributes
                0x0000070f       0x30 ../Middlewares/ST/AI/Lib\NetworkRuntime1000_CM4_GCC.a(forward_lite_bn_internal.o)
 .ARM.attributes
                0x0000073f       0x34 C:/ST/STM32CubeIDE_1.18.0/STM32CubeIDE/plugins/com.st.stm32cube.ide.mcu.externaltools.gnu-tools-for-stm32.13.3.rel1.win32_1.0.0.202411081344/tools/bin/../lib/gcc/arm-none-eabi/13.3.1/../../../../arm-none-eabi/lib/thumb/v7e-m+fp/hard\libc_nano.a(libc_a-memset.o)
 .ARM.attributes
                0x00000773       0x34 C:/ST/STM32CubeIDE_1.18.0/STM32CubeIDE/plugins/com.st.stm32cube.ide.mcu.externaltools.gnu-tools-for-stm32.13.3.rel1.win32_1.0.0.202411081344/tools/bin/../lib/gcc/arm-none-eabi/13.3.1/../../../../arm-none-eabi/lib/thumb/v7e-m+fp/hard\libc_nano.a(libc_a-init.o)
 .ARM.attributes
                0x000007a7       0x22 C:/ST/STM32CubeIDE_1.18.0/STM32CubeIDE/plugins/com.st.stm32cube.ide.mcu.externaltools.gnu-tools-for-stm32.13.3.rel1.win32_1.0.0.202411081344/tools/bin/../lib/gcc/arm-none-eabi/13.3.1/thumb/v7e-m+fp/hard\libgcc.a(_aeabi_uldivmod.o)
 .ARM.attributes
                0x000007c9       0x34 C:/ST/STM32CubeIDE_1.18.0/STM32CubeIDE/plugins/com.st.stm32cube.ide.mcu.externaltools.gnu-tools-for-stm32.13.3.rel1.win32_1.0.0.202411081344/tools/bin/../lib/gcc/arm-none-eabi/13.3.1/thumb/v7e-m+fp/hard\libgcc.a(_udivmoddi4.o)
 .ARM.attributes
                0x000007fd       0x22 C:/ST/STM32CubeIDE_1.18.0/STM32CubeIDE/plugins/com.st.stm32cube.ide.mcu.externaltools.gnu-tools-for-stm32.13.3.rel1.win32_1.0.0.202411081344/tools/bin/../lib/gcc/arm-none-eabi/13.3.1/thumb/v7e-m+fp/hard\libgcc.a(_dvmd_tls.o)
 .ARM.attributes
                0x0000081f       0x22 C:/ST/STM32CubeIDE_1.18.0/STM32CubeIDE/plugins/com.st.stm32cube.ide.mcu.externaltools.gnu-tools-for-stm32.13.3.rel1.win32_1.0.0.202411081344/tools/bin/../lib/gcc/arm-none-eabi/13.3.1/thumb/v7e-m+fp/hard/crtn.o
OUTPUT(DeepfakeDetector.elf elf32-littlearm)
LOAD linker stubs
LOAD C:/ST/STM32CubeIDE_1.18.0/STM32CubeIDE/plugins/com.st.stm32cube.ide.mcu.externaltools.gnu-tools-for-stm32.13.3.rel1.win32_1.0.0.202411081344/tools/bin/../lib/gcc/arm-none-eabi/13.3.1/../../../../arm-none-eabi/lib/thumb/v7e-m+fp/hard\libc.a
LOAD C:/ST/STM32CubeIDE_1.18.0/STM32CubeIDE/plugins/com.st.stm32cube.ide.mcu.externaltools.gnu-tools-for-stm32.13.3.rel1.win32_1.0.0.202411081344/tools/bin/../lib/gcc/arm-none-eabi/13.3.1/../../../../arm-none-eabi/lib/thumb/v7e-m+fp/hard\libm.a
LOAD C:/ST/STM32CubeIDE_1.18.0/STM32CubeIDE/plugins/com.st.stm32cube.ide.mcu.externaltools.gnu-tools-for-stm32.13.3.rel1.win32_1.0.0.202411081344/tools/bin/../lib/gcc/arm-none-eabi/13.3.1/thumb/v7e-m+fp/hard\libgcc.a

.debug_info     0x00000000     0x7bc8
 .debug_info    0x00000000      0x169 ./Core/Src/image_data.o
 .debug_info    0x00000169     0x1313 ./Core/Src/main.o
 .debug_info    0x0000147c      0x403 ./Core/Src/stm32f4xx_hal_msp.o
 .debug_info    0x0000187f      0x112 ./Core/Src/stm32f4xx_it.o
 .debug_info    0x00001991      0x52e ./Core/Src/system_stm32f4xx.o
 .debug_info    0x00001ebf       0x30 ./Core/Startup/startup_stm32f429zitx.o
 .debug_info    0x00001eef      0x9ba ./Drivers/STM32F4xx_HAL_Driver/Src/stm32f4xx_hal.o
 .debug_info    0x000028a9      0xdc2 ./Drivers/STM32F4xx_HAL_Driver/Src/stm32f4xx_hal_cortex.o
 .debug_info    0x0000366b      0x37f ./Drivers/STM32F4xx_HAL_Driver/Src/stm32f4xx_hal_crc.o
 .debug_info    0x000039ea      0x6db ./Drivers/STM32F4xx_HAL_Driver/Src/stm32f4xx_hal_gpio.o
 .debug_info    0x000040c5      0x6be ./Drivers/STM32F4xx_HAL_Driver/Src/stm32f4xx_hal_pwr_ex.o
 .debug_info    0x00004783      0x8c7 ./Drivers/STM32F4xx_HAL_Driver/Src/stm32f4xx_hal_rcc.o
 .debug_info    0x0000504a     0x23ff ./X-CUBE-AI/App/network.o
 .debug_info    0x00007449      0x601 ./X-CUBE-AI/App/network_data.o
 .debug_info    0x00007a4a      0x17e ./X-CUBE-AI/App/network_data_params.o

.debug_abbrev   0x00000000     0x1aaa
 .debug_abbrev  0x00000000       0x78 ./Core/Src/image_data.o
 .debug_abbrev  0x00000078      0x3ae ./Core/Src/main.o
 .debug_abbrev  0x00000426      0x154 ./Core/Src/stm32f4xx_hal_msp.o
 .debug_abbrev  0x0000057a       0x73 ./Core/Src/stm32f4xx_it.o
 .debug_abbrev  0x000005ed      0x11a ./Core/Src/system_stm32f4xx.o
 .debug_abbrev  0x00000707       0x24 ./Core/Startup/startup_stm32f429zitx.o
 .debug_abbrev  0x0000072b      0x214 ./Drivers/STM32F4xx_HAL_Driver/Src/stm32f4xx_hal.o
 .debug_abbrev  0x0000093f      0x31d ./Drivers/STM32F4xx_HAL_Driver/Src/stm32f4xx_hal_cortex.o
 .debug_abbrev  0x00000c5c      0x1b1 ./Drivers/STM32F4xx_HAL_Driver/Src/stm32f4xx_hal_crc.o
 .debug_abbrev  0x00000e0d      0x1d4 ./Drivers/STM32F4xx_HAL_Driver/Src/stm32f4xx_hal_gpio.o
 .debug_abbrev  0x00000fe1      0x1cf ./Drivers/STM32F4xx_HAL_Driver/Src/stm32f4xx_hal_pwr_ex.o
 .debug_abbrev  0x000011b0      0x2b7 ./Drivers/STM32F4xx_HAL_Driver/Src/stm32f4xx_hal_rcc.o
 .debug_abbrev  0x00001467      0x36e ./X-CUBE-AI/App/network.o
 .debug_abbrev  0x000017d5      0x20e ./X-CUBE-AI/App/network_data.o
 .debug_abbrev  0x000019e3       0xc7 ./X-CUBE-AI/App/network_data_params.o

.debug_aranges  0x00000000      0x610
 .debug_aranges
                0x00000000       0x18 ./Core/Src/image_data.o
 .debug_aranges
                0x00000018       0x88 ./Core/Src/main.o
 .debug_aranges
                0x000000a0       0x30 ./Core/Src/stm32f4xx_hal_msp.o
 .debug_aranges
                0x000000d0       0x60 ./Core/Src/stm32f4xx_it.o
 .debug_aranges
                0x00000130       0x28 ./Core/Src/system_stm32f4xx.o
 .debug_aranges
                0x00000158       0x28 ./Core/Startup/startup_stm32f429zitx.o
 .debug_aranges
                0x00000180      0x100 ./Drivers/STM32F4xx_HAL_Driver/Src/stm32f4xx_hal.o
 .debug_aranges
                0x00000280      0x130 ./Drivers/STM32F4xx_HAL_Driver/Src/stm32f4xx_hal_cortex.o
 .debug_aranges
                0x000003b0       0x50 ./Drivers/STM32F4xx_HAL_Driver/Src/stm32f4xx_hal_crc.o
 .debug_aranges
                0x00000400       0x58 ./Drivers/STM32F4xx_HAL_Driver/Src/stm32f4xx_hal_gpio.o
 .debug_aranges
                0x00000458       0x60 ./Drivers/STM32F4xx_HAL_Driver/Src/stm32f4xx_hal_pwr_ex.o
 .debug_aranges
                0x000004b8       0x88 ./Drivers/STM32F4xx_HAL_Driver/Src/stm32f4xx_hal_rcc.o
 .debug_aranges
                0x00000540       0x80 ./X-CUBE-AI/App/network.o
 .debug_aranges
                0x000005c0       0x38 ./X-CUBE-AI/App/network_data.o
 .debug_aranges
                0x000005f8       0x18 ./X-CUBE-AI/App/network_data_params.o

.debug_macro    0x00000000    0x25040
 .debug_macro   0x00000000       0x63 ./Core/Src/image_data.o
 .debug_macro   0x00000063      0xad8 ./Core/Src/image_data.o
 .debug_macro   0x00000b3b       0x22 ./Core/Src/image_data.o
 .debug_macro   0x00000b5d       0x8e ./Core/Src/image_data.o
 .debug_macro   0x00000beb       0x51 ./Core/Src/image_data.o
 .debug_macro   0x00000c3c      0x103 ./Core/Src/image_data.o
 .debug_macro   0x00000d3f       0x6a ./Core/Src/image_data.o
 .debug_macro   0x00000da9      0x1df ./Core/Src/image_data.o
 .debug_macro   0x00000f88      0x490 ./Core/Src/main.o
 .debug_macro   0x00001418      0x295 ./Core/Src/main.o
 .debug_macro   0x000016ad       0x2e ./Core/Src/main.o
 .debug_macro   0x000016db       0x28 ./Core/Src/main.o
 .debug_macro   0x00001703       0x1c ./Core/Src/main.o
 .debug_macro   0x0000171f       0x22 ./Core/Src/main.o
 .debug_macro   0x00001741       0xfb ./Core/Src/main.o
 .debug_macro   0x0000183c     0x1011 ./Core/Src/main.o
 .debug_macro   0x0000284d      0x11f ./Core/Src/main.o
 .debug_macro   0x0000296c    0x17fd8 ./Core/Src/main.o
 .debug_macro   0x0001a944       0x6d ./Core/Src/main.o
 .debug_macro   0x0001a9b1     0x3711 ./Core/Src/main.o
 .debug_macro   0x0001e0c2      0x190 ./Core/Src/main.o
 .debug_macro   0x0001e252       0x5c ./Core/Src/main.o
 .debug_macro   0x0001e2ae      0xcba ./Core/Src/main.o
 .debug_macro   0x0001ef68      0x9e9 ./Core/Src/main.o
 .debug_macro   0x0001f951      0x115 ./Core/Src/main.o
 .debug_macro   0x0001fa66      0x156 ./Core/Src/main.o
 .debug_macro   0x0001fbbc       0xa5 ./Core/Src/main.o
 .debug_macro   0x0001fc61      0x182 ./Core/Src/main.o
 .debug_macro   0x0001fde3      0x287 ./Core/Src/main.o
 .debug_macro   0x0002006a       0x5f ./Core/Src/main.o
 .debug_macro   0x000200c9      0x236 ./Core/Src/main.o
 .debug_macro   0x000202ff       0x22 ./Core/Src/main.o
 .debug_macro   0x00020321      0x132 ./Core/Src/main.o
 .debug_macro   0x00020453      0x41d ./Core/Src/main.o
 .debug_macro   0x00020870       0x2e ./Core/Src/main.o
 .debug_macro   0x0002089e      0x127 ./Core/Src/main.o
 .debug_macro   0x000209c5       0xe2 ./Core/Src/main.o
 .debug_macro   0x00020aa7       0x89 ./Core/Src/main.o
 .debug_macro   0x00020b30      0x134 ./Core/Src/main.o
 .debug_macro   0x00020c64       0x10 ./Core/Src/main.o
 .debug_macro   0x00020c74       0x7c ./Core/Src/main.o
 .debug_macro   0x00020cf0       0x61 ./Core/Src/main.o
 .debug_macro   0x00020d51       0x2a ./Core/Src/main.o
 .debug_macro   0x00020d7b       0x43 ./Core/Src/main.o
 .debug_macro   0x00020dbe       0x3a ./Core/Src/main.o
 .debug_macro   0x00020df8       0x3c ./Core/Src/main.o
 .debug_macro   0x00020e34      0x460 ./Core/Src/main.o
 .debug_macro   0x00021294       0x22 ./Core/Src/main.o
 .debug_macro   0x000212b6       0x22 ./Core/Src/main.o
 .debug_macro   0x000212d8      0x342 ./Core/Src/main.o
 .debug_macro   0x0002161a       0x94 ./Core/Src/main.o
 .debug_macro   0x000216ae       0x4c ./Core/Src/main.o
 .debug_macro   0x000216fa       0x10 ./Core/Src/main.o
 .debug_macro   0x0002170a      0x370 ./Core/Src/main.o
 .debug_macro   0x00021a7a       0x16 ./Core/Src/main.o
 .debug_macro   0x00021a90       0x4a ./Core/Src/main.o
 .debug_macro   0x00021ada       0x34 ./Core/Src/main.o
 .debug_macro   0x00021b0e       0x10 ./Core/Src/main.o
 .debug_macro   0x00021b1e       0x58 ./Core/Src/main.o
 .debug_macro   0x00021b76       0x8e ./Core/Src/main.o
 .debug_macro   0x00021c04       0x1c ./Core/Src/main.o
 .debug_macro   0x00021c20      0x185 ./Core/Src/main.o
 .debug_macro   0x00021da5       0x10 ./Core/Src/main.o
 .debug_macro   0x00021db5       0x20 ./Core/Src/main.o
 .debug_macro   0x00021dd5       0x16 ./Core/Src/main.o
 .debug_macro   0x00021deb       0x10 ./Core/Src/main.o
 .debug_macro   0x00021dfb       0x10 ./Core/Src/main.o
 .debug_macro   0x00021e0b       0x10 ./Core/Src/main.o
 .debug_macro   0x00021e1b       0x1c ./Core/Src/main.o
 .debug_macro   0x00021e37       0x52 ./Core/Src/main.o
 .debug_macro   0x00021e89       0x22 ./Core/Src/main.o
 .debug_macro   0x00021eab       0x10 ./Core/Src/main.o
 .debug_macro   0x00021ebb       0x52 ./Core/Src/main.o
 .debug_macro   0x00021f0d       0xcf ./Core/Src/main.o
 .debug_macro   0x00021fdc       0x1c ./Core/Src/main.o
 .debug_macro   0x00021ff8       0x3d ./Core/Src/main.o
 .debug_macro   0x00022035       0x35 ./Core/Src/main.o
 .debug_macro   0x0002206a      0x12c ./Core/Src/main.o
 .debug_macro   0x00022196       0x16 ./Core/Src/main.o
 .debug_macro   0x000221ac       0x16 ./Core/Src/main.o
 .debug_macro   0x000221c2       0x29 ./Core/Src/main.o
 .debug_macro   0x000221eb       0x10 ./Core/Src/main.o
 .debug_macro   0x000221fb      0x242 ./Core/Src/main.o
 .debug_macro   0x0002243d       0x1c ./Core/Src/main.o
 .debug_macro   0x00022459       0x10 ./Core/Src/main.o
 .debug_macro   0x00022469       0x10 ./Core/Src/main.o
 .debug_macro   0x00022479       0x16 ./Core/Src/main.o
 .debug_macro   0x0002248f      0x146 ./Core/Src/main.o
 .debug_macro   0x000225d5      0x190 ./Core/Src/main.o
 .debug_macro   0x00022765       0x16 ./Core/Src/main.o
 .debug_macro   0x0002277b       0xce ./Core/Src/main.o
 .debug_macro   0x00022849       0x10 ./Core/Src/main.o
 .debug_macro   0x00022859       0xc0 ./Core/Src/main.o
 .debug_macro   0x00022919      0x1c4 ./Core/Src/stm32f4xx_hal_msp.o
 .debug_macro   0x00022add      0x1ce ./Core/Src/stm32f4xx_it.o
 .debug_macro   0x00022cab      0x1ba ./Core/Src/system_stm32f4xx.o
 .debug_macro   0x00022e65      0x21a ./Drivers/STM32F4xx_HAL_Driver/Src/stm32f4xx_hal.o
 .debug_macro   0x0002307f      0x1ba ./Drivers/STM32F4xx_HAL_Driver/Src/stm32f4xx_hal_cortex.o
 .debug_macro   0x00023239      0x1ba ./Drivers/STM32F4xx_HAL_Driver/Src/stm32f4xx_hal_crc.o
 .debug_macro   0x000233f3      0x1c0 ./Drivers/STM32F4xx_HAL_Driver/Src/stm32f4xx_hal_gpio.o
 .debug_macro   0x000235b3      0x1d2 ./Drivers/STM32F4xx_HAL_Driver/Src/stm32f4xx_hal_pwr_ex.o
 .debug_macro   0x00023785      0x1de ./Drivers/STM32F4xx_HAL_Driver/Src/stm32f4xx_hal_rcc.o
 .debug_macro   0x00023963      0x4af ./X-CUBE-AI/App/network.o
 .debug_macro   0x00023e12       0x46 ./X-CUBE-AI/App/network.o
 .debug_macro   0x00023e58       0x16 ./X-CUBE-AI/App/network.o
 .debug_macro   0x00023e6e       0x22 ./X-CUBE-AI/App/network.o
 .debug_macro   0x00023e90      0x229 ./X-CUBE-AI/App/network.o
 .debug_macro   0x000240b9       0x2e ./X-CUBE-AI/App/network.o
 .debug_macro   0x000240e7       0xcf ./X-CUBE-AI/App/network.o
 .debug_macro   0x000241b6      0x1ed ./X-CUBE-AI/App/network.o
 .debug_macro   0x000243a3      0x19b ./X-CUBE-AI/App/network.o
 .debug_macro   0x0002453e       0x7c ./X-CUBE-AI/App/network.o
 .debug_macro   0x000245ba       0x17 ./X-CUBE-AI/App/network.o
 .debug_macro   0x000245d1      0x118 ./X-CUBE-AI/App/network.o
 .debug_macro   0x000246e9      0x202 ./X-CUBE-AI/App/network.o
 .debug_macro   0x000248eb       0x3a ./X-CUBE-AI/App/network.o
 .debug_macro   0x00024925       0x2e ./X-CUBE-AI/App/network.o
 .debug_macro   0x00024953       0xdc ./X-CUBE-AI/App/network.o
 .debug_macro   0x00024a2f       0x16 ./X-CUBE-AI/App/network.o
 .debug_macro   0x00024a45       0x4d ./X-CUBE-AI/App/network.o
 .debug_macro   0x00024a92       0x25 ./X-CUBE-AI/App/network.o
 .debug_macro   0x00024ab7       0x12 ./X-CUBE-AI/App/network.o
 .debug_macro   0x00024ac9       0x16 ./X-CUBE-AI/App/network.o
 .debug_macro   0x00024adf       0x7c ./X-CUBE-AI/App/network.o
 .debug_macro   0x00024b5b       0x22 ./X-CUBE-AI/App/network.o
 .debug_macro   0x00024b7d       0x10 ./X-CUBE-AI/App/network.o
 .debug_macro   0x00024b8d       0x11 ./X-CUBE-AI/App/network.o
 .debug_macro   0x00024b9e       0x2e ./X-CUBE-AI/App/network.o
 .debug_macro   0x00024bcc       0x2e ./X-CUBE-AI/App/network.o
 .debug_macro   0x00024bfa      0x20f ./X-CUBE-AI/App/network_data.o
 .debug_macro   0x00024e09       0x46 ./X-CUBE-AI/App/network_data.o
 .debug_macro   0x00024e4f      0x1f1 ./X-CUBE-AI/App/network_data_params.o

.debug_line     0x00000000     0x8756
 .debug_line    0x00000000      0x3f8 ./Core/Src/image_data.o
 .debug_line    0x000003f8      0xd54 ./Core/Src/main.o
 .debug_line    0x0000114c      0x74c ./Core/Src/stm32f4xx_hal_msp.o
 .debug_line    0x00001898      0x7c3 ./Core/Src/stm32f4xx_it.o
 .debug_line    0x0000205b      0x799 ./Core/Src/system_stm32f4xx.o
 .debug_line    0x000027f4       0x7a ./Core/Startup/startup_stm32f429zitx.o
 .debug_line    0x0000286e      0xa3c ./Drivers/STM32F4xx_HAL_Driver/Src/stm32f4xx_hal.o
 .debug_line    0x000032aa      0xcd6 ./Drivers/STM32F4xx_HAL_Driver/Src/stm32f4xx_hal_cortex.o
 .debug_line    0x00003f80      0x83b ./Drivers/STM32F4xx_HAL_Driver/Src/stm32f4xx_hal_crc.o
 .debug_line    0x000047bb      0xb86 ./Drivers/STM32F4xx_HAL_Driver/Src/stm32f4xx_hal_gpio.o
 .debug_line    0x00005341      0x973 ./Drivers/STM32F4xx_HAL_Driver/Src/stm32f4xx_hal_pwr_ex.o
 .debug_line    0x00005cb4      0xe13 ./Drivers/STM32F4xx_HAL_Driver/Src/stm32f4xx_hal_rcc.o
 .debug_line    0x00006ac7      0xf03 ./X-CUBE-AI/App/network.o
 .debug_line    0x000079ca      0x717 ./X-CUBE-AI/App/network_data.o
 .debug_line    0x000080e1      0x675 ./X-CUBE-AI/App/network_data_params.o

.debug_str      0x00000000    0xde8e2
 .debug_str     0x00000000    0xde8e2 ./Core/Src/image_data.o
                               0x3e0f (size before relaxing)
 .debug_str     0x000de8e2    0xd42d4 ./Core/Src/main.o
 .debug_str     0x000de8e2    0xca1fc ./Core/Src/stm32f4xx_hal_msp.o
 .debug_str     0x000de8e2    0xca04e ./Core/Src/stm32f4xx_it.o
 .debug_str     0x000de8e2    0xca18b ./Core/Src/system_stm32f4xx.o
 .debug_str     0x000de8e2       0x88 ./Core/Startup/startup_stm32f429zitx.o
 .debug_str     0x000de8e2    0xcadae ./Drivers/STM32F4xx_HAL_Driver/Src/stm32f4xx_hal.o
 .debug_str     0x000de8e2    0xcaadc ./Drivers/STM32F4xx_HAL_Driver/Src/stm32f4xx_hal_cortex.o
 .debug_str     0x000de8e2    0xca1a6 ./Drivers/STM32F4xx_HAL_Driver/Src/stm32f4xx_hal_crc.o
 .debug_str     0x000de8e2    0xca306 ./Drivers/STM32F4xx_HAL_Driver/Src/stm32f4xx_hal_gpio.o
 .debug_str     0x000de8e2    0xca363 ./Drivers/STM32F4xx_HAL_Driver/Src/stm32f4xx_hal_pwr_ex.o
 .debug_str     0x000de8e2    0xca5bf ./Drivers/STM32F4xx_HAL_Driver/Src/stm32f4xx_hal_rcc.o
 .debug_str     0x000de8e2    0x14ca7 ./X-CUBE-AI/App/network.o
 .debug_str     0x000de8e2     0xefe5 ./X-CUBE-AI/App/network_data.o
 .debug_str     0x000de8e2     0xe9c4 ./X-CUBE-AI/App/network_data_params.o

.comment        0x00000000       0x86
 .comment       0x00000000       0x86 ./Core/Src/image_data.o
                                 0x44 (size before relaxing)
 .comment       0x00000086       0x44 ./Core/Src/main.o
 .comment       0x00000086       0x44 ./Core/Src/stm32f4xx_hal_msp.o
 .comment       0x00000086       0x44 ./Core/Src/stm32f4xx_it.o
 .comment       0x00000086       0x44 ./Core/Src/system_stm32f4xx.o
 .comment       0x00000086       0x44 ./Drivers/STM32F4xx_HAL_Driver/Src/stm32f4xx_hal.o
 .comment       0x00000086       0x44 ./Drivers/STM32F4xx_HAL_Driver/Src/stm32f4xx_hal_cortex.o
 .comment       0x00000086       0x44 ./Drivers/STM32F4xx_HAL_Driver/Src/stm32f4xx_hal_crc.o
 .comment       0x00000086       0x44 ./Drivers/STM32F4xx_HAL_Driver/Src/stm32f4xx_hal_gpio.o
 .comment       0x00000086       0x44 ./Drivers/STM32F4xx_HAL_Driver/Src/stm32f4xx_hal_pwr_ex.o
 .comment       0x00000086       0x44 ./Drivers/STM32F4xx_HAL_Driver/Src/stm32f4xx_hal_rcc.o
 .comment       0x00000086       0x44 ./X-CUBE-AI/App/network.o
 .comment       0x00000086       0x44 ./X-CUBE-AI/App/network_data.o
 .comment       0x00000086       0x44 ./X-CUBE-AI/App/network_data_params.o
 .comment       0x00000086       0x44 ../Middlewares/ST/AI/Lib\NetworkRuntime1000_CM4_GCC.a(ai_platform.o)
 .comment       0x00000086       0x44 ../Middlewares/ST/AI/Lib\NetworkRuntime1000_CM4_GCC.a(ai_platform_interface.o)
 .comment       0x00000086       0x44 ../Middlewares/ST/AI/Lib\NetworkRuntime1000_CM4_GCC.a(core_common.o)
 .comment       0x00000086       0x44 ../Middlewares/ST/AI/Lib\NetworkRuntime1000_CM4_GCC.a(layers.o)
 .comment       0x00000086       0x44 ../Middlewares/ST/AI/Lib\NetworkRuntime1000_CM4_GCC.a(layers_conv2d_generic_float.o)
 .comment       0x00000086       0x44 ../Middlewares/ST/AI/Lib\NetworkRuntime1000_CM4_GCC.a(layers_generic_float.o)
 .comment       0x00000086       0x44 ../Middlewares/ST/AI/Lib\NetworkRuntime1000_CM4_GCC.a(layers_norm_generic_float.o)
 .comment       0x00000086       0x44 ../Middlewares/ST/AI/Lib\NetworkRuntime1000_CM4_GCC.a(layers_pad_generic.o)
 .comment       0x00000086       0x44 ../Middlewares/ST/AI/Lib\NetworkRuntime1000_CM4_GCC.a(layers_pool_generic_float.o)
 .comment       0x00000086       0x44 ../Middlewares/ST/AI/Lib\NetworkRuntime1000_CM4_GCC.a(forward_lite_conv2d_if32of32wf32.o)